<?xml version="1.0" encoding="ISO-8859-1" ?>
<link_info>
   <banner>MSP430 Linker PC v18.12.6.LTS</banner>
   <copyright>Copyright (c) 2003-2018 Texas Instruments Incorporated</copyright>
   <link_time>0x5f95ec45</link_time>
   <link_errors>0x0</link_errors>
   <output_file>HAR_.out</output_file>
   <entry_point>
      <name>_c_int00_noargs_mpu</name>
      <address>0xd800</address>
   </entry_point>
   <input_file_list>
      <input_file id="fl-2">
         <path>.\</path>
         <kind>object</kind>
         <file>HAR.obj</file>
         <name>HAR.obj</name>
      </input_file>
      <input_file id="fl-3">
         <path>.\</path>
         <kind>object</kind>
         <file>main.obj</file>
         <name>main.obj</name>
      </input_file>
      <input_file id="fl-4">
         <path>.\dsplib\source\filter\</path>
         <kind>object</kind>
         <file>msp_biquad_cascade_df1_q15.obj</file>
         <name>msp_biquad_cascade_df1_q15.obj</name>
      </input_file>
      <input_file id="fl-5">
         <path>.\dsplib\source\filter\</path>
         <kind>object</kind>
         <file>msp_biquad_cascade_df2_ext_q15.obj</file>
         <name>msp_biquad_cascade_df2_ext_q15.obj</name>
      </input_file>
      <input_file id="fl-6">
         <path>.\dsplib\source\filter\</path>
         <kind>object</kind>
         <file>msp_biquad_cascade_df2_q15.obj</file>
         <name>msp_biquad_cascade_df2_q15.obj</name>
      </input_file>
      <input_file id="fl-7">
         <path>.\dsplib\source\filter\</path>
         <kind>object</kind>
         <file>msp_biquad_df1_q15.obj</file>
         <name>msp_biquad_df1_q15.obj</name>
      </input_file>
      <input_file id="fl-8">
         <path>.\dsplib\source\filter\</path>
         <kind>object</kind>
         <file>msp_biquad_df2_ext_q15.obj</file>
         <name>msp_biquad_df2_ext_q15.obj</name>
      </input_file>
      <input_file id="fl-9">
         <path>.\dsplib\source\filter\</path>
         <kind>object</kind>
         <file>msp_biquad_df2_q15.obj</file>
         <name>msp_biquad_df2_q15.obj</name>
      </input_file>
      <input_file id="fl-a">
         <path>.\dsplib\source\filter\</path>
         <kind>object</kind>
         <file>msp_cmplx_fir_iq31.obj</file>
         <name>msp_cmplx_fir_iq31.obj</name>
      </input_file>
      <input_file id="fl-b">
         <path>.\dsplib\source\filter\</path>
         <kind>object</kind>
         <file>msp_cmplx_fir_q15.obj</file>
         <name>msp_cmplx_fir_q15.obj</name>
      </input_file>
      <input_file id="fl-c">
         <path>.\dsplib\source\filter\</path>
         <kind>object</kind>
         <file>msp_fir_iq31.obj</file>
         <name>msp_fir_iq31.obj</name>
      </input_file>
      <input_file id="fl-d">
         <path>.\dsplib\source\filter\</path>
         <kind>object</kind>
         <file>msp_fir_q15.obj</file>
         <name>msp_fir_q15.obj</name>
      </input_file>
      <input_file id="fl-e">
         <path>.\dsplib\source\lea\</path>
         <kind>object</kind>
         <file>msp_lea_flags.obj</file>
         <name>msp_lea_flags.obj</name>
      </input_file>
      <input_file id="fl-f">
         <path>.\dsplib\source\lea\</path>
         <kind>object</kind>
         <file>msp_lea_init.obj</file>
         <name>msp_lea_init.obj</name>
      </input_file>
      <input_file id="fl-10">
         <path>.\dsplib\source\lea\</path>
         <kind>object</kind>
         <file>msp_lea_isr.obj</file>
         <name>msp_lea_isr.obj</name>
      </input_file>
      <input_file id="fl-11">
         <path>.\dsplib\source\lea\</path>
         <kind>object</kind>
         <file>msp_lea_patch.obj</file>
         <name>msp_lea_patch.obj</name>
      </input_file>
      <input_file id="fl-12">
         <path>.\dsplib\source\matrix\</path>
         <kind>object</kind>
         <file>msp_matrix_abs_iq31.obj</file>
         <name>msp_matrix_abs_iq31.obj</name>
      </input_file>
      <input_file id="fl-13">
         <path>.\dsplib\source\matrix\</path>
         <kind>object</kind>
         <file>msp_matrix_abs_q15.obj</file>
         <name>msp_matrix_abs_q15.obj</name>
      </input_file>
      <input_file id="fl-14">
         <path>.\dsplib\source\matrix\</path>
         <kind>object</kind>
         <file>msp_matrix_add_iq31.obj</file>
         <name>msp_matrix_add_iq31.obj</name>
      </input_file>
      <input_file id="fl-15">
         <path>.\dsplib\source\matrix\</path>
         <kind>object</kind>
         <file>msp_matrix_add_q15.obj</file>
         <name>msp_matrix_add_q15.obj</name>
      </input_file>
      <input_file id="fl-16">
         <path>.\dsplib\source\matrix\</path>
         <kind>object</kind>
         <file>msp_matrix_mpy_iq31.obj</file>
         <name>msp_matrix_mpy_iq31.obj</name>
      </input_file>
      <input_file id="fl-17">
         <path>.\dsplib\source\matrix\</path>
         <kind>object</kind>
         <file>msp_matrix_mpy_q15.obj</file>
         <name>msp_matrix_mpy_q15.obj</name>
      </input_file>
      <input_file id="fl-18">
         <path>.\dsplib\source\matrix\</path>
         <kind>object</kind>
         <file>msp_matrix_neg_iq31.obj</file>
         <name>msp_matrix_neg_iq31.obj</name>
      </input_file>
      <input_file id="fl-19">
         <path>.\dsplib\source\matrix\</path>
         <kind>object</kind>
         <file>msp_matrix_neg_q15.obj</file>
         <name>msp_matrix_neg_q15.obj</name>
      </input_file>
      <input_file id="fl-1a">
         <path>.\dsplib\source\matrix\</path>
         <kind>object</kind>
         <file>msp_matrix_offset_iq31.obj</file>
         <name>msp_matrix_offset_iq31.obj</name>
      </input_file>
      <input_file id="fl-1b">
         <path>.\dsplib\source\matrix\</path>
         <kind>object</kind>
         <file>msp_matrix_offset_q15.obj</file>
         <name>msp_matrix_offset_q15.obj</name>
      </input_file>
      <input_file id="fl-1c">
         <path>.\dsplib\source\matrix\</path>
         <kind>object</kind>
         <file>msp_matrix_scale_iq31.obj</file>
         <name>msp_matrix_scale_iq31.obj</name>
      </input_file>
      <input_file id="fl-1d">
         <path>.\dsplib\source\matrix\</path>
         <kind>object</kind>
         <file>msp_matrix_scale_q15.obj</file>
         <name>msp_matrix_scale_q15.obj</name>
      </input_file>
      <input_file id="fl-1e">
         <path>.\dsplib\source\matrix\</path>
         <kind>object</kind>
         <file>msp_matrix_shift_iq31.obj</file>
         <name>msp_matrix_shift_iq31.obj</name>
      </input_file>
      <input_file id="fl-1f">
         <path>.\dsplib\source\matrix\</path>
         <kind>object</kind>
         <file>msp_matrix_shift_q15.obj</file>
         <name>msp_matrix_shift_q15.obj</name>
      </input_file>
      <input_file id="fl-20">
         <path>.\dsplib\source\matrix\</path>
         <kind>object</kind>
         <file>msp_matrix_sub_iq31.obj</file>
         <name>msp_matrix_sub_iq31.obj</name>
      </input_file>
      <input_file id="fl-21">
         <path>.\dsplib\source\matrix\</path>
         <kind>object</kind>
         <file>msp_matrix_sub_q15.obj</file>
         <name>msp_matrix_sub_q15.obj</name>
      </input_file>
      <input_file id="fl-22">
         <path>.\dsplib\source\matrix\</path>
         <kind>object</kind>
         <file>msp_matrix_trans_iq31.obj</file>
         <name>msp_matrix_trans_iq31.obj</name>
      </input_file>
      <input_file id="fl-23">
         <path>.\dsplib\source\matrix\</path>
         <kind>object</kind>
         <file>msp_matrix_trans_q15.obj</file>
         <name>msp_matrix_trans_q15.obj</name>
      </input_file>
      <input_file id="fl-24">
         <path>.\dsplib\source\transform\</path>
         <kind>object</kind>
         <file>msp_cmplx_bitrev_iq31.obj</file>
         <name>msp_cmplx_bitrev_iq31.obj</name>
      </input_file>
      <input_file id="fl-25">
         <path>.\dsplib\source\transform\</path>
         <kind>object</kind>
         <file>msp_cmplx_bitrev_q15.obj</file>
         <name>msp_cmplx_bitrev_q15.obj</name>
      </input_file>
      <input_file id="fl-26">
         <path>.\dsplib\source\transform\</path>
         <kind>object</kind>
         <file>msp_cmplx_fft_auto_q15.obj</file>
         <name>msp_cmplx_fft_auto_q15.obj</name>
      </input_file>
      <input_file id="fl-27">
         <path>.\dsplib\source\transform\</path>
         <kind>object</kind>
         <file>msp_cmplx_fft_fixed_q15.obj</file>
         <name>msp_cmplx_fft_fixed_q15.obj</name>
      </input_file>
      <input_file id="fl-28">
         <path>.\dsplib\source\transform\</path>
         <kind>object</kind>
         <file>msp_cmplx_fft_iq31.obj</file>
         <name>msp_cmplx_fft_iq31.obj</name>
      </input_file>
      <input_file id="fl-29">
         <path>.\dsplib\source\transform\</path>
         <kind>object</kind>
         <file>msp_cmplx_ifft_auto_q15.obj</file>
         <name>msp_cmplx_ifft_auto_q15.obj</name>
      </input_file>
      <input_file id="fl-2a">
         <path>.\dsplib\source\transform\</path>
         <kind>object</kind>
         <file>msp_cmplx_ifft_fixed_q15.obj</file>
         <name>msp_cmplx_ifft_fixed_q15.obj</name>
      </input_file>
      <input_file id="fl-2b">
         <path>.\dsplib\source\transform\</path>
         <kind>object</kind>
         <file>msp_cmplx_ifft_iq31.obj</file>
         <name>msp_cmplx_ifft_iq31.obj</name>
      </input_file>
      <input_file id="fl-2c">
         <path>.\dsplib\source\transform\</path>
         <kind>object</kind>
         <file>msp_fft_auto_q15.obj</file>
         <name>msp_fft_auto_q15.obj</name>
      </input_file>
      <input_file id="fl-2d">
         <path>.\dsplib\source\transform\</path>
         <kind>object</kind>
         <file>msp_fft_fixed_q15.obj</file>
         <name>msp_fft_fixed_q15.obj</name>
      </input_file>
      <input_file id="fl-2e">
         <path>.\dsplib\source\transform\</path>
         <kind>object</kind>
         <file>msp_fft_iq31.obj</file>
         <name>msp_fft_iq31.obj</name>
      </input_file>
      <input_file id="fl-2f">
         <path>.\dsplib\source\transform\</path>
         <kind>object</kind>
         <file>msp_ifft_auto_q15.obj</file>
         <name>msp_ifft_auto_q15.obj</name>
      </input_file>
      <input_file id="fl-30">
         <path>.\dsplib\source\transform\</path>
         <kind>object</kind>
         <file>msp_ifft_fixed_q15.obj</file>
         <name>msp_ifft_fixed_q15.obj</name>
      </input_file>
      <input_file id="fl-31">
         <path>.\dsplib\source\transform\</path>
         <kind>object</kind>
         <file>msp_ifft_iq31.obj</file>
         <name>msp_ifft_iq31.obj</name>
      </input_file>
      <input_file id="fl-32">
         <path>.\dsplib\source\transform\</path>
         <kind>object</kind>
         <file>msp_split_iq31.obj</file>
         <name>msp_split_iq31.obj</name>
      </input_file>
      <input_file id="fl-33">
         <path>.\dsplib\source\transform\</path>
         <kind>object</kind>
         <file>msp_split_q15.obj</file>
         <name>msp_split_q15.obj</name>
      </input_file>
      <input_file id="fl-34">
         <path>.\dsplib\source\transform\</path>
         <kind>object</kind>
         <file>msp_transform_tables.obj</file>
         <name>msp_transform_tables.obj</name>
      </input_file>
      <input_file id="fl-35">
         <path>.\dsplib\source\utility\</path>
         <kind>object</kind>
         <file>msp_cmplx_fill_iq31.obj</file>
         <name>msp_cmplx_fill_iq31.obj</name>
      </input_file>
      <input_file id="fl-36">
         <path>.\dsplib\source\utility\</path>
         <kind>object</kind>
         <file>msp_cmplx_fill_q15.obj</file>
         <name>msp_cmplx_fill_q15.obj</name>
      </input_file>
      <input_file id="fl-37">
         <path>.\dsplib\source\utility\</path>
         <kind>object</kind>
         <file>msp_cmplx_iq31.obj</file>
         <name>msp_cmplx_iq31.obj</name>
      </input_file>
      <input_file id="fl-38">
         <path>.\dsplib\source\utility\</path>
         <kind>object</kind>
         <file>msp_cmplx_q15.obj</file>
         <name>msp_cmplx_q15.obj</name>
      </input_file>
      <input_file id="fl-39">
         <path>.\dsplib\source\utility\</path>
         <kind>object</kind>
         <file>msp_copy_iq31.obj</file>
         <name>msp_copy_iq31.obj</name>
      </input_file>
      <input_file id="fl-3a">
         <path>.\dsplib\source\utility\</path>
         <kind>object</kind>
         <file>msp_copy_q15.obj</file>
         <name>msp_copy_q15.obj</name>
      </input_file>
      <input_file id="fl-3b">
         <path>.\dsplib\source\utility\</path>
         <kind>object</kind>
         <file>msp_deinterleave_iq31.obj</file>
         <name>msp_deinterleave_iq31.obj</name>
      </input_file>
      <input_file id="fl-3c">
         <path>.\dsplib\source\utility\</path>
         <kind>object</kind>
         <file>msp_deinterleave_q15.obj</file>
         <name>msp_deinterleave_q15.obj</name>
      </input_file>
      <input_file id="fl-3d">
         <path>.\dsplib\source\utility\</path>
         <kind>object</kind>
         <file>msp_fill_iq31.obj</file>
         <name>msp_fill_iq31.obj</name>
      </input_file>
      <input_file id="fl-3e">
         <path>.\dsplib\source\utility\</path>
         <kind>object</kind>
         <file>msp_fill_q15.obj</file>
         <name>msp_fill_q15.obj</name>
      </input_file>
      <input_file id="fl-3f">
         <path>.\dsplib\source\utility\</path>
         <kind>object</kind>
         <file>msp_interleave_iq31.obj</file>
         <name>msp_interleave_iq31.obj</name>
      </input_file>
      <input_file id="fl-40">
         <path>.\dsplib\source\utility\</path>
         <kind>object</kind>
         <file>msp_interleave_q15.obj</file>
         <name>msp_interleave_q15.obj</name>
      </input_file>
      <input_file id="fl-41">
         <path>.\dsplib\source\utility\</path>
         <kind>object</kind>
         <file>msp_iq31_to_q15.obj</file>
         <name>msp_iq31_to_q15.obj</name>
      </input_file>
      <input_file id="fl-42">
         <path>.\dsplib\source\utility\</path>
         <kind>object</kind>
         <file>msp_q15_to_iq31.obj</file>
         <name>msp_q15_to_iq31.obj</name>
      </input_file>
      <input_file id="fl-43">
         <path>.\dsplib\source\utility\</path>
         <kind>object</kind>
         <file>msp_sinusoid_q15.obj</file>
         <name>msp_sinusoid_q15.obj</name>
      </input_file>
      <input_file id="fl-44">
         <path>.\dsplib\source\vector\</path>
         <kind>object</kind>
         <file>msp_abs_iq31.obj</file>
         <name>msp_abs_iq31.obj</name>
      </input_file>
      <input_file id="fl-45">
         <path>.\dsplib\source\vector\</path>
         <kind>object</kind>
         <file>msp_abs_q15.obj</file>
         <name>msp_abs_q15.obj</name>
      </input_file>
      <input_file id="fl-46">
         <path>.\dsplib\source\vector\</path>
         <kind>object</kind>
         <file>msp_add_iq31.obj</file>
         <name>msp_add_iq31.obj</name>
      </input_file>
      <input_file id="fl-47">
         <path>.\dsplib\source\vector\</path>
         <kind>object</kind>
         <file>msp_add_q15.obj</file>
         <name>msp_add_q15.obj</name>
      </input_file>
      <input_file id="fl-48">
         <path>.\dsplib\source\vector\</path>
         <kind>object</kind>
         <file>msp_cmplx_add_iq31.obj</file>
         <name>msp_cmplx_add_iq31.obj</name>
      </input_file>
      <input_file id="fl-49">
         <path>.\dsplib\source\vector\</path>
         <kind>object</kind>
         <file>msp_cmplx_add_q15.obj</file>
         <name>msp_cmplx_add_q15.obj</name>
      </input_file>
      <input_file id="fl-4a">
         <path>.\dsplib\source\vector\</path>
         <kind>object</kind>
         <file>msp_cmplx_conj_iq31.obj</file>
         <name>msp_cmplx_conj_iq31.obj</name>
      </input_file>
      <input_file id="fl-4b">
         <path>.\dsplib\source\vector\</path>
         <kind>object</kind>
         <file>msp_cmplx_conj_q15.obj</file>
         <name>msp_cmplx_conj_q15.obj</name>
      </input_file>
      <input_file id="fl-4c">
         <path>.\dsplib\source\vector\</path>
         <kind>object</kind>
         <file>msp_cmplx_mac_iq31.obj</file>
         <name>msp_cmplx_mac_iq31.obj</name>
      </input_file>
      <input_file id="fl-4d">
         <path>.\dsplib\source\vector\</path>
         <kind>object</kind>
         <file>msp_cmplx_mac_q15.obj</file>
         <name>msp_cmplx_mac_q15.obj</name>
      </input_file>
      <input_file id="fl-4e">
         <path>.\dsplib\source\vector\</path>
         <kind>object</kind>
         <file>msp_cmplx_mpy_iq31.obj</file>
         <name>msp_cmplx_mpy_iq31.obj</name>
      </input_file>
      <input_file id="fl-4f">
         <path>.\dsplib\source\vector\</path>
         <kind>object</kind>
         <file>msp_cmplx_mpy_q15.obj</file>
         <name>msp_cmplx_mpy_q15.obj</name>
      </input_file>
      <input_file id="fl-50">
         <path>.\dsplib\source\vector\</path>
         <kind>object</kind>
         <file>msp_cmplx_mpy_real_iq31.obj</file>
         <name>msp_cmplx_mpy_real_iq31.obj</name>
      </input_file>
      <input_file id="fl-51">
         <path>.\dsplib\source\vector\</path>
         <kind>object</kind>
         <file>msp_cmplx_mpy_real_q15.obj</file>
         <name>msp_cmplx_mpy_real_q15.obj</name>
      </input_file>
      <input_file id="fl-52">
         <path>.\dsplib\source\vector\</path>
         <kind>object</kind>
         <file>msp_cmplx_scale_iq31.obj</file>
         <name>msp_cmplx_scale_iq31.obj</name>
      </input_file>
      <input_file id="fl-53">
         <path>.\dsplib\source\vector\</path>
         <kind>object</kind>
         <file>msp_cmplx_scale_q15.obj</file>
         <name>msp_cmplx_scale_q15.obj</name>
      </input_file>
      <input_file id="fl-54">
         <path>.\dsplib\source\vector\</path>
         <kind>object</kind>
         <file>msp_cmplx_shift_iq31.obj</file>
         <name>msp_cmplx_shift_iq31.obj</name>
      </input_file>
      <input_file id="fl-55">
         <path>.\dsplib\source\vector\</path>
         <kind>object</kind>
         <file>msp_cmplx_shift_q15.obj</file>
         <name>msp_cmplx_shift_q15.obj</name>
      </input_file>
      <input_file id="fl-56">
         <path>.\dsplib\source\vector\</path>
         <kind>object</kind>
         <file>msp_cmplx_sub_iq31.obj</file>
         <name>msp_cmplx_sub_iq31.obj</name>
      </input_file>
      <input_file id="fl-57">
         <path>.\dsplib\source\vector\</path>
         <kind>object</kind>
         <file>msp_cmplx_sub_q15.obj</file>
         <name>msp_cmplx_sub_q15.obj</name>
      </input_file>
      <input_file id="fl-58">
         <path>.\dsplib\source\vector\</path>
         <kind>object</kind>
         <file>msp_mac_iq31.obj</file>
         <name>msp_mac_iq31.obj</name>
      </input_file>
      <input_file id="fl-59">
         <path>.\dsplib\source\vector\</path>
         <kind>object</kind>
         <file>msp_mac_q15.obj</file>
         <name>msp_mac_q15.obj</name>
      </input_file>
      <input_file id="fl-5a">
         <path>.\dsplib\source\vector\</path>
         <kind>object</kind>
         <file>msp_max_iq31.obj</file>
         <name>msp_max_iq31.obj</name>
      </input_file>
      <input_file id="fl-5b">
         <path>.\dsplib\source\vector\</path>
         <kind>object</kind>
         <file>msp_max_q15.obj</file>
         <name>msp_max_q15.obj</name>
      </input_file>
      <input_file id="fl-5c">
         <path>.\dsplib\source\vector\</path>
         <kind>object</kind>
         <file>msp_max_uq15.obj</file>
         <name>msp_max_uq15.obj</name>
      </input_file>
      <input_file id="fl-5d">
         <path>.\dsplib\source\vector\</path>
         <kind>object</kind>
         <file>msp_max_uq31.obj</file>
         <name>msp_max_uq31.obj</name>
      </input_file>
      <input_file id="fl-5e">
         <path>.\dsplib\source\vector\</path>
         <kind>object</kind>
         <file>msp_min_iq31.obj</file>
         <name>msp_min_iq31.obj</name>
      </input_file>
      <input_file id="fl-5f">
         <path>.\dsplib\source\vector\</path>
         <kind>object</kind>
         <file>msp_min_q15.obj</file>
         <name>msp_min_q15.obj</name>
      </input_file>
      <input_file id="fl-60">
         <path>.\dsplib\source\vector\</path>
         <kind>object</kind>
         <file>msp_min_uq15.obj</file>
         <name>msp_min_uq15.obj</name>
      </input_file>
      <input_file id="fl-61">
         <path>.\dsplib\source\vector\</path>
         <kind>object</kind>
         <file>msp_min_uq31.obj</file>
         <name>msp_min_uq31.obj</name>
      </input_file>
      <input_file id="fl-62">
         <path>.\dsplib\source\vector\</path>
         <kind>object</kind>
         <file>msp_mpy_iq31.obj</file>
         <name>msp_mpy_iq31.obj</name>
      </input_file>
      <input_file id="fl-63">
         <path>.\dsplib\source\vector\</path>
         <kind>object</kind>
         <file>msp_mpy_q15.obj</file>
         <name>msp_mpy_q15.obj</name>
      </input_file>
      <input_file id="fl-64">
         <path>.\dsplib\source\vector\</path>
         <kind>object</kind>
         <file>msp_neg_iq31.obj</file>
         <name>msp_neg_iq31.obj</name>
      </input_file>
      <input_file id="fl-65">
         <path>.\dsplib\source\vector\</path>
         <kind>object</kind>
         <file>msp_neg_q15.obj</file>
         <name>msp_neg_q15.obj</name>
      </input_file>
      <input_file id="fl-66">
         <path>.\dsplib\source\vector\</path>
         <kind>object</kind>
         <file>msp_offset_iq31.obj</file>
         <name>msp_offset_iq31.obj</name>
      </input_file>
      <input_file id="fl-67">
         <path>.\dsplib\source\vector\</path>
         <kind>object</kind>
         <file>msp_offset_q15.obj</file>
         <name>msp_offset_q15.obj</name>
      </input_file>
      <input_file id="fl-68">
         <path>.\dsplib\source\vector\</path>
         <kind>object</kind>
         <file>msp_scale_iq31.obj</file>
         <name>msp_scale_iq31.obj</name>
      </input_file>
      <input_file id="fl-69">
         <path>.\dsplib\source\vector\</path>
         <kind>object</kind>
         <file>msp_scale_q15.obj</file>
         <name>msp_scale_q15.obj</name>
      </input_file>
      <input_file id="fl-6a">
         <path>.\dsplib\source\vector\</path>
         <kind>object</kind>
         <file>msp_shift_iq31.obj</file>
         <name>msp_shift_iq31.obj</name>
      </input_file>
      <input_file id="fl-6b">
         <path>.\dsplib\source\vector\</path>
         <kind>object</kind>
         <file>msp_shift_q15.obj</file>
         <name>msp_shift_q15.obj</name>
      </input_file>
      <input_file id="fl-6c">
         <path>.\dsplib\source\vector\</path>
         <kind>object</kind>
         <file>msp_sub_iq31.obj</file>
         <name>msp_sub_iq31.obj</name>
      </input_file>
      <input_file id="fl-6d">
         <path>.\dsplib\source\vector\</path>
         <kind>object</kind>
         <file>msp_sub_q15.obj</file>
         <name>msp_sub_q15.obj</name>
      </input_file>
      <input_file id="fl-74">
         <kind>object</kind>
         <file>&lt;internal&gt;</file>
         <name>&lt;internal&gt;</name>
      </input_file>
      <input_file id="fl-94">
         <path>C:\ti\ccs930\ccs\tools\compiler\ti-cgt-msp430_18.12.6.LTS\lib\</path>
         <kind>archive</kind>
         <file>rts430x_lc_rd_eabi.lib</file>
         <name>copy_decompress_lzss.c.obj</name>
      </input_file>
      <input_file id="fl-95">
         <path>C:\ti\ccs930\ccs\tools\compiler\ti-cgt-msp430_18.12.6.LTS\lib\</path>
         <kind>archive</kind>
         <file>rts430x_lc_rd_eabi.lib</file>
         <name>copy_decompress_none.c.obj</name>
      </input_file>
      <input_file id="fl-96">
         <path>C:\ti\ccs930\ccs\tools\compiler\ti-cgt-msp430_18.12.6.LTS\lib\</path>
         <kind>archive</kind>
         <file>rts430x_lc_rd_eabi.lib</file>
         <name>int19.asm.obj</name>
      </input_file>
      <input_file id="fl-97">
         <path>C:\ti\ccs930\ccs\tools\compiler\ti-cgt-msp430_18.12.6.LTS\lib\</path>
         <kind>archive</kind>
         <file>rts430x_lc_rd_eabi.lib</file>
         <name>isr_trap.asm.obj</name>
      </input_file>
      <input_file id="fl-98">
         <path>C:\ti\ccs930\ccs\tools\compiler\ti-cgt-msp430_18.12.6.LTS\lib\</path>
         <kind>archive</kind>
         <file>rts430x_lc_rd_eabi.lib</file>
         <name>int20.asm.obj</name>
      </input_file>
      <input_file id="fl-99">
         <path>C:\ti\ccs930\ccs\tools\compiler\ti-cgt-msp430_18.12.6.LTS\lib\</path>
         <kind>archive</kind>
         <file>rts430x_lc_rd_eabi.lib</file>
         <name>int21.asm.obj</name>
      </input_file>
      <input_file id="fl-9a">
         <path>C:\ti\ccs930\ccs\tools\compiler\ti-cgt-msp430_18.12.6.LTS\lib\</path>
         <kind>archive</kind>
         <file>rts430x_lc_rd_eabi.lib</file>
         <name>int22.asm.obj</name>
      </input_file>
      <input_file id="fl-9b">
         <path>C:\ti\ccs930\ccs\tools\compiler\ti-cgt-msp430_18.12.6.LTS\lib\</path>
         <kind>archive</kind>
         <file>rts430x_lc_rd_eabi.lib</file>
         <name>int23.asm.obj</name>
      </input_file>
      <input_file id="fl-9c">
         <path>C:\ti\ccs930\ccs\tools\compiler\ti-cgt-msp430_18.12.6.LTS\lib\</path>
         <kind>archive</kind>
         <file>rts430x_lc_rd_eabi.lib</file>
         <name>int24.asm.obj</name>
      </input_file>
      <input_file id="fl-9d">
         <path>C:\ti\ccs930\ccs\tools\compiler\ti-cgt-msp430_18.12.6.LTS\lib\</path>
         <kind>archive</kind>
         <file>rts430x_lc_rd_eabi.lib</file>
         <name>int25.asm.obj</name>
      </input_file>
      <input_file id="fl-9e">
         <path>C:\ti\ccs930\ccs\tools\compiler\ti-cgt-msp430_18.12.6.LTS\lib\</path>
         <kind>archive</kind>
         <file>rts430x_lc_rd_eabi.lib</file>
         <name>int26.asm.obj</name>
      </input_file>
      <input_file id="fl-9f">
         <path>C:\ti\ccs930\ccs\tools\compiler\ti-cgt-msp430_18.12.6.LTS\lib\</path>
         <kind>archive</kind>
         <file>rts430x_lc_rd_eabi.lib</file>
         <name>int27.asm.obj</name>
      </input_file>
      <input_file id="fl-a0">
         <path>C:\ti\ccs930\ccs\tools\compiler\ti-cgt-msp430_18.12.6.LTS\lib\</path>
         <kind>archive</kind>
         <file>rts430x_lc_rd_eabi.lib</file>
         <name>int28.asm.obj</name>
      </input_file>
      <input_file id="fl-a1">
         <path>C:\ti\ccs930\ccs\tools\compiler\ti-cgt-msp430_18.12.6.LTS\lib\</path>
         <kind>archive</kind>
         <file>rts430x_lc_rd_eabi.lib</file>
         <name>int29.asm.obj</name>
      </input_file>
      <input_file id="fl-a2">
         <path>C:\ti\ccs930\ccs\tools\compiler\ti-cgt-msp430_18.12.6.LTS\lib\</path>
         <kind>archive</kind>
         <file>rts430x_lc_rd_eabi.lib</file>
         <name>int30.asm.obj</name>
      </input_file>
      <input_file id="fl-a3">
         <path>C:\ti\ccs930\ccs\tools\compiler\ti-cgt-msp430_18.12.6.LTS\lib\</path>
         <kind>archive</kind>
         <file>rts430x_lc_rd_eabi.lib</file>
         <name>int31.asm.obj</name>
      </input_file>
      <input_file id="fl-a4">
         <path>C:\ti\ccs930\ccs\tools\compiler\ti-cgt-msp430_18.12.6.LTS\lib\</path>
         <kind>archive</kind>
         <file>rts430x_lc_rd_eabi.lib</file>
         <name>int32.asm.obj</name>
      </input_file>
      <input_file id="fl-a5">
         <path>C:\ti\ccs930\ccs\tools\compiler\ti-cgt-msp430_18.12.6.LTS\lib\</path>
         <kind>archive</kind>
         <file>rts430x_lc_rd_eabi.lib</file>
         <name>int33.asm.obj</name>
      </input_file>
      <input_file id="fl-a6">
         <path>C:\ti\ccs930\ccs\tools\compiler\ti-cgt-msp430_18.12.6.LTS\lib\</path>
         <kind>archive</kind>
         <file>rts430x_lc_rd_eabi.lib</file>
         <name>int34.asm.obj</name>
      </input_file>
      <input_file id="fl-a7">
         <path>C:\ti\ccs930\ccs\tools\compiler\ti-cgt-msp430_18.12.6.LTS\lib\</path>
         <kind>archive</kind>
         <file>rts430x_lc_rd_eabi.lib</file>
         <name>int35.asm.obj</name>
      </input_file>
      <input_file id="fl-a8">
         <path>C:\ti\ccs930\ccs\tools\compiler\ti-cgt-msp430_18.12.6.LTS\lib\</path>
         <kind>archive</kind>
         <file>rts430x_lc_rd_eabi.lib</file>
         <name>int36.asm.obj</name>
      </input_file>
      <input_file id="fl-a9">
         <path>C:\ti\ccs930\ccs\tools\compiler\ti-cgt-msp430_18.12.6.LTS\lib\</path>
         <kind>archive</kind>
         <file>rts430x_lc_rd_eabi.lib</file>
         <name>int37.asm.obj</name>
      </input_file>
      <input_file id="fl-aa">
         <path>C:\ti\ccs930\ccs\tools\compiler\ti-cgt-msp430_18.12.6.LTS\lib\</path>
         <kind>archive</kind>
         <file>rts430x_lc_rd_eabi.lib</file>
         <name>int38.asm.obj</name>
      </input_file>
      <input_file id="fl-ab">
         <path>C:\ti\ccs930\ccs\tools\compiler\ti-cgt-msp430_18.12.6.LTS\lib\</path>
         <kind>archive</kind>
         <file>rts430x_lc_rd_eabi.lib</file>
         <name>int39.asm.obj</name>
      </input_file>
      <input_file id="fl-ac">
         <path>C:\ti\ccs930\ccs\tools\compiler\ti-cgt-msp430_18.12.6.LTS\lib\</path>
         <kind>archive</kind>
         <file>rts430x_lc_rd_eabi.lib</file>
         <name>int40.asm.obj</name>
      </input_file>
      <input_file id="fl-ad">
         <path>C:\ti\ccs930\ccs\tools\compiler\ti-cgt-msp430_18.12.6.LTS\lib\</path>
         <kind>archive</kind>
         <file>rts430x_lc_rd_eabi.lib</file>
         <name>int41.asm.obj</name>
      </input_file>
      <input_file id="fl-ae">
         <path>C:\ti\ccs930\ccs\tools\compiler\ti-cgt-msp430_18.12.6.LTS\lib\</path>
         <kind>archive</kind>
         <file>rts430x_lc_rd_eabi.lib</file>
         <name>int42.asm.obj</name>
      </input_file>
      <input_file id="fl-af">
         <path>C:\ti\ccs930\ccs\tools\compiler\ti-cgt-msp430_18.12.6.LTS\lib\</path>
         <kind>archive</kind>
         <file>rts430x_lc_rd_eabi.lib</file>
         <name>int43.asm.obj</name>
      </input_file>
      <input_file id="fl-b0">
         <path>C:\ti\ccs930\ccs\tools\compiler\ti-cgt-msp430_18.12.6.LTS\lib\</path>
         <kind>archive</kind>
         <file>rts430x_lc_rd_eabi.lib</file>
         <name>int44.asm.obj</name>
      </input_file>
      <input_file id="fl-b1">
         <path>C:\ti\ccs930\ccs\tools\compiler\ti-cgt-msp430_18.12.6.LTS\lib\</path>
         <kind>archive</kind>
         <file>rts430x_lc_rd_eabi.lib</file>
         <name>int45.asm.obj</name>
      </input_file>
      <input_file id="fl-b2">
         <path>C:\ti\ccs930\ccs\tools\compiler\ti-cgt-msp430_18.12.6.LTS\lib\</path>
         <kind>archive</kind>
         <file>rts430x_lc_rd_eabi.lib</file>
         <name>int46.asm.obj</name>
      </input_file>
      <input_file id="fl-b3">
         <path>C:\ti\ccs930\ccs\tools\compiler\ti-cgt-msp430_18.12.6.LTS\lib\</path>
         <kind>archive</kind>
         <file>rts430x_lc_rd_eabi.lib</file>
         <name>int47.asm.obj</name>
      </input_file>
      <input_file id="fl-b4">
         <path>C:\ti\ccs930\ccs\tools\compiler\ti-cgt-msp430_18.12.6.LTS\lib\</path>
         <kind>archive</kind>
         <file>rts430x_lc_rd_eabi.lib</file>
         <name>int48.asm.obj</name>
      </input_file>
      <input_file id="fl-b5">
         <path>C:\ti\ccs930\ccs\tools\compiler\ti-cgt-msp430_18.12.6.LTS\lib\</path>
         <kind>archive</kind>
         <file>rts430x_lc_rd_eabi.lib</file>
         <name>int49.asm.obj</name>
      </input_file>
      <input_file id="fl-b6">
         <path>C:\ti\ccs930\ccs\tools\compiler\ti-cgt-msp430_18.12.6.LTS\lib\</path>
         <kind>archive</kind>
         <file>rts430x_lc_rd_eabi.lib</file>
         <name>int50.asm.obj</name>
      </input_file>
      <input_file id="fl-b7">
         <path>C:\ti\ccs930\ccs\tools\compiler\ti-cgt-msp430_18.12.6.LTS\lib\</path>
         <kind>archive</kind>
         <file>rts430x_lc_rd_eabi.lib</file>
         <name>int51.asm.obj</name>
      </input_file>
      <input_file id="fl-b8">
         <path>C:\ti\ccs930\ccs\tools\compiler\ti-cgt-msp430_18.12.6.LTS\lib\</path>
         <kind>archive</kind>
         <file>rts430x_lc_rd_eabi.lib</file>
         <name>int52.asm.obj</name>
      </input_file>
      <input_file id="fl-b9">
         <path>C:\ti\ccs930\ccs\tools\compiler\ti-cgt-msp430_18.12.6.LTS\lib\</path>
         <kind>archive</kind>
         <file>rts430x_lc_rd_eabi.lib</file>
         <name>int53.asm.obj</name>
      </input_file>
      <input_file id="fl-ba">
         <path>C:\ti\ccs930\ccs\tools\compiler\ti-cgt-msp430_18.12.6.LTS\lib\</path>
         <kind>archive</kind>
         <file>rts430x_lc_rd_eabi.lib</file>
         <name>int54.asm.obj</name>
      </input_file>
      <input_file id="fl-bb">
         <path>C:\ti\ccs930\ccs\tools\compiler\ti-cgt-msp430_18.12.6.LTS\lib\</path>
         <kind>archive</kind>
         <file>rts430x_lc_rd_eabi.lib</file>
         <name>copy_zero_init.c.obj</name>
      </input_file>
      <input_file id="fl-bc">
         <path>C:\ti\ccs930\ccs\tools\compiler\ti-cgt-msp430_18.12.6.LTS\lib\</path>
         <kind>archive</kind>
         <file>rts430x_lc_rd_eabi.lib</file>
         <name>addd.c.obj</name>
      </input_file>
      <input_file id="fl-bd">
         <path>C:\ti\ccs930\ccs\tools\compiler\ti-cgt-msp430_18.12.6.LTS\lib\</path>
         <kind>archive</kind>
         <file>rts430x_lc_rd_eabi.lib</file>
         <name>frcaddd.c.obj</name>
      </input_file>
      <input_file id="fl-be">
         <path>C:\ti\ccs930\ccs\tools\compiler\ti-cgt-msp430_18.12.6.LTS\lib\</path>
         <kind>archive</kind>
         <file>rts430x_lc_rd_eabi.lib</file>
         <name>renormd.c.obj</name>
      </input_file>
      <input_file id="fl-bf">
         <path>C:\ti\ccs930\ccs\tools\compiler\ti-cgt-msp430_18.12.6.LTS\lib\</path>
         <kind>archive</kind>
         <file>rts430x_lc_rd_eabi.lib</file>
         <name>fs_add.asm.obj</name>
      </input_file>
      <input_file id="fl-c0">
         <path>C:\ti\ccs930\ccs\tools\compiler\ti-cgt-msp430_18.12.6.LTS\lib\</path>
         <kind>archive</kind>
         <file>rts430x_lc_rd_eabi.lib</file>
         <name>fs_cmp.asm.obj</name>
      </input_file>
      <input_file id="fl-c1">
         <path>C:\ti\ccs930\ccs\tools\compiler\ti-cgt-msp430_18.12.6.LTS\lib\</path>
         <kind>archive</kind>
         <file>rts430x_lc_rd_eabi.lib</file>
         <name>cvtdf.c.obj</name>
      </input_file>
      <input_file id="fl-c2">
         <path>C:\ti\ccs930\ccs\tools\compiler\ti-cgt-msp430_18.12.6.LTS\lib\</path>
         <kind>archive</kind>
         <file>rts430x_lc_rd_eabi.lib</file>
         <name>cvtfd.c.obj</name>
      </input_file>
      <input_file id="fl-c3">
         <path>C:\ti\ccs930\ccs\tools\compiler\ti-cgt-msp430_18.12.6.LTS\lib\</path>
         <kind>archive</kind>
         <file>rts430x_lc_rd_eabi.lib</file>
         <name>fs_div.asm.obj</name>
      </input_file>
      <input_file id="fl-c4">
         <path>C:\ti\ccs930\ccs\tools\compiler\ti-cgt-msp430_18.12.6.LTS\lib\</path>
         <kind>archive</kind>
         <file>rts430x_lc_rd_eabi.lib</file>
         <name>fs_itof.asm.obj</name>
      </input_file>
      <input_file id="fl-c5">
         <path>C:\ti\ccs930\ccs\tools\compiler\ti-cgt-msp430_18.12.6.LTS\lib\</path>
         <kind>archive</kind>
         <file>rts430x_lc_rd_eabi.lib</file>
         <name>fs_mpy.asm.obj</name>
      </input_file>
      <input_file id="fl-c6">
         <path>C:\ti\ccs930\ccs\tools\compiler\ti-cgt-msp430_18.12.6.LTS\lib\</path>
         <kind>archive</kind>
         <file>rts430x_lc_rd_eabi.lib</file>
         <name>mult16.asm.obj</name>
      </input_file>
      <input_file id="fl-c7">
         <path>C:\ti\ccs930\ccs\tools\compiler\ti-cgt-msp430_18.12.6.LTS\lib\</path>
         <kind>archive</kind>
         <file>rts430x_lc_rd_eabi.lib</file>
         <name>mult16_f5hw.asm.obj</name>
      </input_file>
      <input_file id="fl-c8">
         <path>C:\ti\ccs930\ccs\tools\compiler\ti-cgt-msp430_18.12.6.LTS\lib\</path>
         <kind>archive</kind>
         <file>rts430x_lc_rd_eabi.lib</file>
         <name>mult32_f5hw.asm.obj</name>
      </input_file>
      <input_file id="fl-c9">
         <path>C:\ti\ccs930\ccs\tools\compiler\ti-cgt-msp430_18.12.6.LTS\lib\</path>
         <kind>archive</kind>
         <file>rts430x_lc_rd_eabi.lib</file>
         <name>mult64_f5hw.asm.obj</name>
      </input_file>
      <input_file id="fl-ca">
         <path>C:\ti\ccs930\ccs\tools\compiler\ti-cgt-msp430_18.12.6.LTS\lib\</path>
         <kind>archive</kind>
         <file>rts430x_lc_rd_eabi.lib</file>
         <name>mult1632_f5hw.asm.obj</name>
      </input_file>
      <input_file id="fl-cb">
         <path>C:\ti\ccs930\ccs\tools\compiler\ti-cgt-msp430_18.12.6.LTS\lib\</path>
         <kind>archive</kind>
         <file>rts430x_lc_rd_eabi.lib</file>
         <name>mult3264_f5hw.asm.obj</name>
      </input_file>
      <input_file id="fl-cc">
         <path>C:\ti\ccs930\ccs\tools\compiler\ti-cgt-msp430_18.12.6.LTS\lib\</path>
         <kind>archive</kind>
         <file>rts430x_lc_rd_eabi.lib</file>
         <name>div16s.asm.obj</name>
      </input_file>
      <input_file id="fl-cd">
         <path>C:\ti\ccs930\ccs\tools\compiler\ti-cgt-msp430_18.12.6.LTS\lib\</path>
         <kind>archive</kind>
         <file>rts430x_lc_rd_eabi.lib</file>
         <name>div16u.asm.obj</name>
      </input_file>
      <input_file id="fl-ce">
         <path>C:\ti\ccs930\ccs\tools\compiler\ti-cgt-msp430_18.12.6.LTS\lib\</path>
         <kind>archive</kind>
         <file>rts430x_lc_rd_eabi.lib</file>
         <name>lsl16.asm.obj</name>
      </input_file>
      <input_file id="fl-cf">
         <path>C:\ti\ccs930\ccs\tools\compiler\ti-cgt-msp430_18.12.6.LTS\lib\</path>
         <kind>archive</kind>
         <file>rts430x_lc_rd_eabi.lib</file>
         <name>lsl32.asm.obj</name>
      </input_file>
      <input_file id="fl-d0">
         <path>C:\ti\ccs930\ccs\tools\compiler\ti-cgt-msp430_18.12.6.LTS\lib\</path>
         <kind>archive</kind>
         <file>rts430x_lc_rd_eabi.lib</file>
         <name>asr32.asm.obj</name>
      </input_file>
      <input_file id="fl-d1">
         <path>C:\ti\ccs930\ccs\tools\compiler\ti-cgt-msp430_18.12.6.LTS\lib\</path>
         <kind>archive</kind>
         <file>rts430x_lc_rd_eabi.lib</file>
         <name>lsr32.asm.obj</name>
      </input_file>
      <input_file id="fl-d2">
         <path>C:\ti\ccs930\ccs\tools\compiler\ti-cgt-msp430_18.12.6.LTS\lib\</path>
         <kind>archive</kind>
         <file>rts430x_lc_rd_eabi.lib</file>
         <name>lsr64.c.obj</name>
      </input_file>
      <input_file id="fl-d3">
         <path>C:\ti\ccs930\ccs\tools\compiler\ti-cgt-msp430_18.12.6.LTS\lib\</path>
         <kind>archive</kind>
         <file>rts430x_lc_rd_eabi.lib</file>
         <name>boot.c.obj</name>
      </input_file>
      <input_file id="fl-d4">
         <path>C:\ti\ccs930\ccs\ccs_base\msp430\lib\FR59xx\</path>
         <kind>archive</kind>
         <file>MSPMPU_INIT_LIB_CCS_msp430_large_code_restricted_data.lib</file>
         <name>mpu_init.o</name>
      </input_file>
      <input_file id="fl-d5">
         <path>C:\ti\ccs930\ccs\tools\compiler\ti-cgt-msp430_18.12.6.LTS\lib\</path>
         <kind>archive</kind>
         <file>rts430x_lc_rd_eabi.lib</file>
         <name>args_main.c.obj</name>
      </input_file>
      <input_file id="fl-d6">
         <path>C:\ti\ccs930\ccs\tools\compiler\ti-cgt-msp430_18.12.6.LTS\lib\</path>
         <kind>archive</kind>
         <file>rts430x_lc_rd_eabi.lib</file>
         <name>autoinit.c.obj</name>
      </input_file>
      <input_file id="fl-d7">
         <path>C:\ti\ccs930\ccs\tools\compiler\ti-cgt-msp430_18.12.6.LTS\lib\</path>
         <kind>archive</kind>
         <file>rts430x_lc_rd_eabi.lib</file>
         <name>startup.c.obj</name>
      </input_file>
      <input_file id="fl-d8">
         <path>C:\ti\ccs930\ccs\tools\compiler\ti-cgt-msp430_18.12.6.LTS\lib\</path>
         <kind>archive</kind>
         <file>rts430x_lc_rd_eabi.lib</file>
         <name>pre_init.c.obj</name>
      </input_file>
      <input_file id="fl-d9">
         <path>C:\ti\ccs930\ccs\tools\compiler\ti-cgt-msp430_18.12.6.LTS\lib\</path>
         <kind>archive</kind>
         <file>rts430x_lc_rd_eabi.lib</file>
         <name>cpy_tbl.c.obj</name>
      </input_file>
      <input_file id="fl-da">
         <path>C:\ti\ccs930\ccs\tools\compiler\ti-cgt-msp430_18.12.6.LTS\lib\</path>
         <kind>archive</kind>
         <file>rts430x_lc_rd_eabi.lib</file>
         <name>exit.c.obj</name>
      </input_file>
      <input_file id="fl-db">
         <path>C:\ti\ccs930\ccs\tools\compiler\ti-cgt-msp430_18.12.6.LTS\lib\</path>
         <kind>archive</kind>
         <file>rts430x_lc_rd_eabi.lib</file>
         <name>exit_gvars.c.obj</name>
      </input_file>
      <input_file id="fl-dc">
         <path>C:\ti\ccs930\ccs\tools\compiler\ti-cgt-msp430_18.12.6.LTS\lib\</path>
         <kind>archive</kind>
         <file>rts430x_lc_rd_eabi.lib</file>
         <name>_lock.c.obj</name>
      </input_file>
      <input_file id="fl-dd">
         <path>C:\ti\ccs930\ccs\ccs_base\msp430\lib\5xx_6xx_FRxx\</path>
         <kind>archive</kind>
         <file>MSPMATHLIB_CCS_msp430_5xx_6xx_FRxx_large_code_restricted_data.lib</file>
         <name>msp430_exp.o</name>
      </input_file>
      <input_file id="fl-de">
         <path>C:\ti\ccs930\ccs\tools\compiler\ti-cgt-msp430_18.12.6.LTS\lib\</path>
         <kind>archive</kind>
         <file>rts430x_lc_rd_eabi.lib</file>
         <name>fclose.c.obj</name>
      </input_file>
      <input_file id="fl-df">
         <path>C:\ti\ccs930\ccs\tools\compiler\ti-cgt-msp430_18.12.6.LTS\lib\</path>
         <kind>archive</kind>
         <file>rts430x_lc_rd_eabi.lib</file>
         <name>fflush.c.obj</name>
      </input_file>
      <input_file id="fl-e0">
         <path>C:\ti\ccs930\ccs\tools\compiler\ti-cgt-msp430_18.12.6.LTS\lib\</path>
         <kind>archive</kind>
         <file>rts430x_lc_rd_eabi.lib</file>
         <name>defs.c.obj</name>
      </input_file>
      <input_file id="fl-e1">
         <path>C:\ti\ccs930\ccs\tools\compiler\ti-cgt-msp430_18.12.6.LTS\lib\</path>
         <kind>archive</kind>
         <file>rts430x_lc_rd_eabi.lib</file>
         <name>close.c.obj</name>
      </input_file>
      <input_file id="fl-e2">
         <path>C:\ti\ccs930\ccs\tools\compiler\ti-cgt-msp430_18.12.6.LTS\lib\</path>
         <kind>archive</kind>
         <file>rts430x_lc_rd_eabi.lib</file>
         <name>host_device.c.obj</name>
      </input_file>
      <input_file id="fl-e3">
         <path>C:\ti\ccs930\ccs\tools\compiler\ti-cgt-msp430_18.12.6.LTS\lib\</path>
         <kind>archive</kind>
         <file>rts430x_lc_rd_eabi.lib</file>
         <name>hostclose.c.obj</name>
      </input_file>
      <input_file id="fl-e4">
         <path>C:\ti\ccs930\ccs\tools\compiler\ti-cgt-msp430_18.12.6.LTS\lib\</path>
         <kind>archive</kind>
         <file>rts430x_lc_rd_eabi.lib</file>
         <name>hostlseek.c.obj</name>
      </input_file>
      <input_file id="fl-e5">
         <path>C:\ti\ccs930\ccs\tools\compiler\ti-cgt-msp430_18.12.6.LTS\lib\</path>
         <kind>archive</kind>
         <file>rts430x_lc_rd_eabi.lib</file>
         <name>hostopen.c.obj</name>
      </input_file>
      <input_file id="fl-e6">
         <path>C:\ti\ccs930\ccs\tools\compiler\ti-cgt-msp430_18.12.6.LTS\lib\</path>
         <kind>archive</kind>
         <file>rts430x_lc_rd_eabi.lib</file>
         <name>hostread.c.obj</name>
      </input_file>
      <input_file id="fl-e7">
         <path>C:\ti\ccs930\ccs\tools\compiler\ti-cgt-msp430_18.12.6.LTS\lib\</path>
         <kind>archive</kind>
         <file>rts430x_lc_rd_eabi.lib</file>
         <name>hostrename.c.obj</name>
      </input_file>
      <input_file id="fl-e8">
         <path>C:\ti\ccs930\ccs\tools\compiler\ti-cgt-msp430_18.12.6.LTS\lib\</path>
         <kind>archive</kind>
         <file>rts430x_lc_rd_eabi.lib</file>
         <name>hostunlink.c.obj</name>
      </input_file>
      <input_file id="fl-e9">
         <path>C:\ti\ccs930\ccs\tools\compiler\ti-cgt-msp430_18.12.6.LTS\lib\</path>
         <kind>archive</kind>
         <file>rts430x_lc_rd_eabi.lib</file>
         <name>hostwrite.c.obj</name>
      </input_file>
      <input_file id="fl-ea">
         <path>C:\ti\ccs930\ccs\tools\compiler\ti-cgt-msp430_18.12.6.LTS\lib\</path>
         <kind>archive</kind>
         <file>rts430x_lc_rd_eabi.lib</file>
         <name>trgmsg.c.obj</name>
      </input_file>
      <input_file id="fl-eb">
         <path>C:\ti\ccs930\ccs\tools\compiler\ti-cgt-msp430_18.12.6.LTS\lib\</path>
         <kind>archive</kind>
         <file>rts430x_lc_rd_eabi.lib</file>
         <name>fopen.c.obj</name>
      </input_file>
      <input_file id="fl-ec">
         <path>C:\ti\ccs930\ccs\tools\compiler\ti-cgt-msp430_18.12.6.LTS\lib\</path>
         <kind>archive</kind>
         <file>rts430x_lc_rd_eabi.lib</file>
         <name>fread.c.obj</name>
      </input_file>
      <input_file id="fl-ed">
         <path>C:\ti\ccs930\ccs\tools\compiler\ti-cgt-msp430_18.12.6.LTS\lib\</path>
         <kind>archive</kind>
         <file>rts430x_lc_rd_eabi.lib</file>
         <name>_bufread.c.obj</name>
      </input_file>
      <input_file id="fl-ee">
         <path>C:\ti\ccs930\ccs\tools\compiler\ti-cgt-msp430_18.12.6.LTS\lib\</path>
         <kind>archive</kind>
         <file>rts430x_lc_rd_eabi.lib</file>
         <name>_io_perm.c.obj</name>
      </input_file>
      <input_file id="fl-ef">
         <path>C:\ti\ccs930\ccs\tools\compiler\ti-cgt-msp430_18.12.6.LTS\lib\</path>
         <kind>archive</kind>
         <file>rts430x_lc_rd_eabi.lib</file>
         <name>memory.c.obj</name>
      </input_file>
      <input_file id="fl-f0">
         <path>C:\ti\ccs930\ccs\tools\compiler\ti-cgt-msp430_18.12.6.LTS\lib\</path>
         <kind>archive</kind>
         <file>rts430x_lc_rd_eabi.lib</file>
         <name>fseek.c.obj</name>
      </input_file>
      <input_file id="fl-f1">
         <path>C:\ti\ccs930\ccs\ccs_base\msp430\lib\5xx_6xx_FRxx\</path>
         <kind>archive</kind>
         <file>MSPMATHLIB_CCS_msp430_5xx_6xx_FRxx_large_code_restricted_data.lib</file>
         <name>msp430_log.o</name>
      </input_file>
      <input_file id="fl-f2">
         <path>C:\ti\ccs930\ccs\tools\compiler\ti-cgt-msp430_18.12.6.LTS\lib\</path>
         <kind>archive</kind>
         <file>rts430x_lc_rd_eabi.lib</file>
         <name>lseek.c.obj</name>
      </input_file>
      <input_file id="fl-f3">
         <path>C:\ti\ccs930\ccs\tools\compiler\ti-cgt-msp430_18.12.6.LTS\lib\</path>
         <kind>archive</kind>
         <file>rts430x_lc_rd_eabi.lib</file>
         <name>memcpy.c.obj</name>
      </input_file>
      <input_file id="fl-f4">
         <path>C:\ti\ccs930\ccs\tools\compiler\ti-cgt-msp430_18.12.6.LTS\lib\</path>
         <kind>archive</kind>
         <file>rts430x_lc_rd_eabi.lib</file>
         <name>memset.c.obj</name>
      </input_file>
      <input_file id="fl-f5">
         <path>C:\ti\ccs930\ccs\ccs_base\msp430\lib\5xx_6xx_FRxx\</path>
         <kind>archive</kind>
         <file>MSPMATHLIB_CCS_msp430_5xx_6xx_FRxx_large_code_restricted_data.lib</file>
         <name>msp430_tables.o</name>
      </input_file>
      <input_file id="fl-f6">
         <path>C:\ti\ccs930\ccs\tools\compiler\ti-cgt-msp430_18.12.6.LTS\lib\</path>
         <kind>archive</kind>
         <file>rts430x_lc_rd_eabi.lib</file>
         <name>open.c.obj</name>
      </input_file>
      <input_file id="fl-f7">
         <path>C:\ti\ccs930\ccs\tools\compiler\ti-cgt-msp430_18.12.6.LTS\lib\</path>
         <kind>archive</kind>
         <file>rts430x_lc_rd_eabi.lib</file>
         <name>getdevice.c.obj</name>
      </input_file>
      <input_file id="fl-f8">
         <path>C:\ti\ccs930\ccs\tools\compiler\ti-cgt-msp430_18.12.6.LTS\lib\</path>
         <kind>archive</kind>
         <file>rts430x_lc_rd_eabi.lib</file>
         <name>read.c.obj</name>
      </input_file>
      <input_file id="fl-f9">
         <path>C:\ti\ccs930\ccs\tools\compiler\ti-cgt-msp430_18.12.6.LTS\lib\</path>
         <kind>archive</kind>
         <file>rts430x_lc_rd_eabi.lib</file>
         <name>remove.c.obj</name>
      </input_file>
      <input_file id="fl-fa">
         <path>C:\ti\ccs930\ccs\tools\compiler\ti-cgt-msp430_18.12.6.LTS\lib\</path>
         <kind>archive</kind>
         <file>rts430x_lc_rd_eabi.lib</file>
         <name>setvbuf.c.obj</name>
      </input_file>
      <input_file id="fl-fb">
         <path>C:\ti\ccs930\ccs\tools\compiler\ti-cgt-msp430_18.12.6.LTS\lib\</path>
         <kind>archive</kind>
         <file>rts430x_lc_rd_eabi.lib</file>
         <name>e_sqrt.c.obj</name>
      </input_file>
      <input_file id="fl-fc">
         <path>C:\ti\ccs930\ccs\tools\compiler\ti-cgt-msp430_18.12.6.LTS\lib\</path>
         <kind>archive</kind>
         <file>rts430x_lc_rd_eabi.lib</file>
         <name>mpyd.c.obj</name>
      </input_file>
      <input_file id="fl-fd">
         <path>C:\ti\ccs930\ccs\tools\compiler\ti-cgt-msp430_18.12.6.LTS\lib\</path>
         <kind>archive</kind>
         <file>rts430x_lc_rd_eabi.lib</file>
         <name>frcmpyd.c.obj</name>
      </input_file>
      <input_file id="fl-fe">
         <path>C:\ti\ccs930\ccs\tools\compiler\ti-cgt-msp430_18.12.6.LTS\lib\</path>
         <kind>archive</kind>
         <file>rts430x_lc_rd_eabi.lib</file>
         <name>mult32.asm.obj</name>
      </input_file>
      <input_file id="fl-ff">
         <path>C:\ti\ccs930\ccs\tools\compiler\ti-cgt-msp430_18.12.6.LTS\lib\</path>
         <kind>archive</kind>
         <file>rts430x_lc_rd_eabi.lib</file>
         <name>errno.c.obj</name>
      </input_file>
      <input_file id="fl-100">
         <path>C:\ti\ccs930\ccs\tools\compiler\ti-cgt-msp430_18.12.6.LTS\lib\</path>
         <kind>archive</kind>
         <file>rts430x_lc_rd_eabi.lib</file>
         <name>strchr.c.obj</name>
      </input_file>
      <input_file id="fl-101">
         <path>C:\ti\ccs930\ccs\tools\compiler\ti-cgt-msp430_18.12.6.LTS\lib\</path>
         <kind>archive</kind>
         <file>rts430x_lc_rd_eabi.lib</file>
         <name>strcmp.c.obj</name>
      </input_file>
      <input_file id="fl-102">
         <path>C:\ti\ccs930\ccs\tools\compiler\ti-cgt-msp430_18.12.6.LTS\lib\</path>
         <kind>archive</kind>
         <file>rts430x_lc_rd_eabi.lib</file>
         <name>strcpy.c.obj</name>
      </input_file>
      <input_file id="fl-103">
         <path>C:\ti\ccs930\ccs\tools\compiler\ti-cgt-msp430_18.12.6.LTS\lib\</path>
         <kind>archive</kind>
         <file>rts430x_lc_rd_eabi.lib</file>
         <name>strlen.c.obj</name>
      </input_file>
      <input_file id="fl-104">
         <path>C:\ti\ccs930\ccs\tools\compiler\ti-cgt-msp430_18.12.6.LTS\lib\</path>
         <kind>archive</kind>
         <file>rts430x_lc_rd_eabi.lib</file>
         <name>strncpy.c.obj</name>
      </input_file>
      <input_file id="fl-105">
         <path>C:\ti\ccs930\ccs\tools\compiler\ti-cgt-msp430_18.12.6.LTS\lib\</path>
         <kind>archive</kind>
         <file>rts430x_lc_rd_eabi.lib</file>
         <name>unlink.c.obj</name>
      </input_file>
      <input_file id="fl-106">
         <path>C:\ti\ccs930\ccs\tools\compiler\ti-cgt-msp430_18.12.6.LTS\lib\</path>
         <kind>archive</kind>
         <file>rts430x_lc_rd_eabi.lib</file>
         <name>write.c.obj</name>
      </input_file>
   </input_file_list>
   <object_component_list>
      <object_component id="oc-881">
         <name>.TI.persistent:f_layer</name>
         <load_address>0x4000</load_address>
         <run_address>0x4000</run_address>
         <size>0x55f0</size>
         <input_file_ref idref="fl-2"/>
      </object_component>
      <object_component id="oc-87e">
         <name>.TI.persistent:weight_1</name>
         <load_address>0x95f0</load_address>
         <run_address>0x95f0</run_address>
         <size>0x1260</size>
         <input_file_ref idref="fl-2"/>
      </object_component>
      <object_component id="oc-896">
         <name>.TI.persistent:f_layer2</name>
         <load_address>0xa850</load_address>
         <run_address>0xa850</run_address>
         <size>0x1130</size>
         <input_file_ref idref="fl-2"/>
      </object_component>
      <object_component id="oc-964">
         <name>.TI.persistent:weight_2_1</name>
         <load_address>0xb980</load_address>
         <run_address>0xb980</run_address>
         <size>0x1130</size>
         <input_file_ref idref="fl-2"/>
      </object_component>
      <object_component id="oc-87b">
         <name>.TI.persistent:f_input</name>
         <load_address>0xcab0</load_address>
         <run_address>0xcab0</run_address>
         <size>0x8c4</size>
         <input_file_ref idref="fl-2"/>
      </object_component>
      <object_component id="oc-69f">
         <name>.sysmem</name>
         <load_address>0xd374</load_address>
         <run_address>0xd374</run_address>
         <size>0x8</size>
         <input_file_ref idref="fl-ef"/>
      </object_component>
      <object_component id="oc-ada">
         <name>.sysmem</name>
         <load_address>0xd374</load_address>
         <run_address>0xd374</run_address>
         <size>0x0</size>
      </object_component>
      <object_component id="oc-ad5">
         <name>__TI_handler_table</name>
         <load_address>0xfe0c</load_address>
         <run_address>0xfe0c</run_address>
         <size>0xc</size>
      </object_component>
      <object_component id="oc-ad8">
         <name>.cinit..data.load</name>
         <load_address>0xfe18</load_address>
         <run_address>0xfe18</run_address>
         <size>0x9</size>
      </object_component>
      <object_component id="oc-ad7">
         <name>.cinit..bss.load</name>
         <load_address>0xfe22</load_address>
         <run_address>0xfe22</run_address>
         <size>0x6</size>
      </object_component>
      <object_component id="oc-ad6">
         <name>__TI_cinit_table</name>
         <load_address>0xfe28</load_address>
         <run_address>0xfe28</run_address>
         <size>0x10</size>
      </object_component>
      <object_component id="oc-a64">
         <name>.binit</name>
         <load_address>0x4000</load_address>
         <run_address>0x4000</run_address>
         <size>0x0</size>
      </object_component>
      <object_component id="oc-6ef">
         <name>.text:_isr:_c_int00_noargs_mpu</name>
         <load_address>0xd800</load_address>
         <run_address>0xd800</run_address>
         <size>0x20</size>
         <input_file_ref idref="fl-d3"/>
      </object_component>
      <object_component id="oc-6ba">
         <name>.text:_isr:msp_lea_isr</name>
         <load_address>0xd820</load_address>
         <run_address>0xd820</run_address>
         <size>0x1c</size>
         <input_file_ref idref="fl-10"/>
      </object_component>
      <object_component id="oc-6c0">
         <name>.text:_isr:__TI_ISR_TRAP</name>
         <load_address>0xd83c</load_address>
         <run_address>0xd83c</run_address>
         <size>0x8</size>
         <input_file_ref idref="fl-97"/>
      </object_component>
      <object_component id="oc-91e">
         <name>.const:weight_4</name>
         <load_address>0xd844</load_address>
         <run_address>0xd844</run_address>
         <size>0x1800</size>
         <input_file_ref idref="fl-2"/>
      </object_component>
      <object_component id="oc-91a">
         <name>.const:bias_3</name>
         <load_address>0xf044</load_address>
         <run_address>0xf044</run_address>
         <size>0x400</size>
         <input_file_ref idref="fl-2"/>
      </object_component>
      <object_component id="oc-917">
         <name>.const:weight_3_1</name>
         <load_address>0xf444</load_address>
         <run_address>0xf444</run_address>
         <size>0x400</size>
         <input_file_ref idref="fl-2"/>
      </object_component>
      <object_component id="oc-8a8">
         <name>.const:bias_2</name>
         <load_address>0xf844</load_address>
         <run_address>0xf844</run_address>
         <size>0x300</size>
         <input_file_ref idref="fl-2"/>
      </object_component>
      <object_component id="oc-88b">
         <name>.const:bias_1</name>
         <load_address>0xfb44</load_address>
         <run_address>0xfb44</run_address>
         <size>0x188</size>
         <input_file_ref idref="fl-2"/>
      </object_component>
      <object_component id="oc-9a5">
         <name>.const:msp430_expHighRes</name>
         <load_address>0xfccc</load_address>
         <run_address>0xfccc</run_address>
         <size>0x40</size>
         <input_file_ref idref="fl-f5"/>
      </object_component>
      <object_component id="oc-9a3">
         <name>.const:msp430_expLowRes</name>
         <load_address>0xfd0c</load_address>
         <run_address>0xfd0c</run_address>
         <size>0x40</size>
         <input_file_ref idref="fl-f5"/>
      </object_component>
      <object_component id="oc-9a7">
         <name>.const:msp430_log_coeffs</name>
         <load_address>0xfd4c</load_address>
         <run_address>0xfd4c</run_address>
         <size>0x38</size>
         <input_file_ref idref="fl-f5"/>
      </object_component>
      <object_component id="oc-9a2">
         <name>.const:msp430_exp_coeffs</name>
         <load_address>0xfd84</load_address>
         <run_address>0xfd84</run_address>
         <size>0x28</size>
         <input_file_ref idref="fl-f5"/>
      </object_component>
      <object_component id="oc-9a6">
         <name>.const:msp430_expHighExp</name>
         <load_address>0xfdac</load_address>
         <run_address>0xfdac</run_address>
         <size>0x20</size>
         <input_file_ref idref="fl-f5"/>
      </object_component>
      <object_component id="oc-9a4">
         <name>.const:msp430_expLowExp</name>
         <load_address>0xfdcc</load_address>
         <run_address>0xfdcc</run_address>
         <size>0x20</size>
         <input_file_ref idref="fl-f5"/>
      </object_component>
      <object_component id="oc-a34">
         <name>.const:msp_shift_right_factor_q15</name>
         <load_address>0xfdec</load_address>
         <run_address>0xfdec</run_address>
         <size>0x20</size>
         <input_file_ref idref="fl-6b"/>
      </object_component>
      <object_component id="oc-97f">
         <name>.const:weight_2_10</name>
         <load_address>0x10000</load_address>
         <run_address>0x10000</run_address>
         <size>0x1130</size>
         <input_file_ref idref="fl-2"/>
      </object_component>
      <object_component id="oc-967">
         <name>.const:weight_2_2</name>
         <load_address>0x11130</load_address>
         <run_address>0x11130</run_address>
         <size>0x1130</size>
         <input_file_ref idref="fl-2"/>
      </object_component>
      <object_component id="oc-96a">
         <name>.const:weight_2_3</name>
         <load_address>0x12260</load_address>
         <run_address>0x12260</run_address>
         <size>0x1130</size>
         <input_file_ref idref="fl-2"/>
      </object_component>
      <object_component id="oc-96d">
         <name>.const:weight_2_4</name>
         <load_address>0x13390</load_address>
         <run_address>0x13390</run_address>
         <size>0x1130</size>
         <input_file_ref idref="fl-2"/>
      </object_component>
      <object_component id="oc-970">
         <name>.const:weight_2_5</name>
         <load_address>0x144c0</load_address>
         <run_address>0x144c0</run_address>
         <size>0x1130</size>
         <input_file_ref idref="fl-2"/>
      </object_component>
      <object_component id="oc-973">
         <name>.const:weight_2_6</name>
         <load_address>0x155f0</load_address>
         <run_address>0x155f0</run_address>
         <size>0x1130</size>
         <input_file_ref idref="fl-2"/>
      </object_component>
      <object_component id="oc-976">
         <name>.const:weight_2_7</name>
         <load_address>0x16720</load_address>
         <run_address>0x16720</run_address>
         <size>0x1130</size>
         <input_file_ref idref="fl-2"/>
      </object_component>
      <object_component id="oc-979">
         <name>.const:weight_2_8</name>
         <load_address>0x17850</load_address>
         <run_address>0x17850</run_address>
         <size>0x1130</size>
         <input_file_ref idref="fl-2"/>
      </object_component>
      <object_component id="oc-97c">
         <name>.const:weight_2_9</name>
         <load_address>0x18980</load_address>
         <run_address>0x18980</run_address>
         <size>0x1130</size>
         <input_file_ref idref="fl-2"/>
      </object_component>
      <object_component id="oc-922">
         <name>.text:expf</name>
         <load_address>0x19ab0</load_address>
         <run_address>0x19ab0</run_address>
         <size>0x5b8</size>
         <input_file_ref idref="fl-dd"/>
      </object_component>
      <object_component id="oc-923">
         <name>.text:logf</name>
         <load_address>0x1a068</load_address>
         <run_address>0x1a068</run_address>
         <size>0x512</size>
         <input_file_ref idref="fl-f1"/>
      </object_component>
      <object_component id="oc-824">
         <name>.text:forward</name>
         <load_address>0x1a57a</load_address>
         <run_address>0x1a57a</run_address>
         <size>0x41e</size>
         <input_file_ref idref="fl-2"/>
      </object_component>
      <object_component id="oc-8e2">
         <name>.text:__mspabi_addd</name>
         <load_address>0x1a998</load_address>
         <run_address>0x1a998</run_address>
         <size>0x2e0</size>
         <input_file_ref idref="fl-bc"/>
      </object_component>
      <object_component id="oc-8e8">
         <name>.text:sqrt</name>
         <load_address>0x1ac78</load_address>
         <run_address>0x1ac78</run_address>
         <size>0x2de</size>
         <input_file_ref idref="fl-fb"/>
      </object_component>
      <object_component id="oc-9b8">
         <name>.text:__TI_frcmpyd</name>
         <load_address>0x1af56</load_address>
         <run_address>0x1af56</run_address>
         <size>0x280</size>
         <input_file_ref idref="fl-fd"/>
      </object_component>
      <object_component id="oc-93e">
         <name>.text:__mspabi_mpyd</name>
         <load_address>0x1b1d6</load_address>
         <run_address>0x1b1d6</run_address>
         <size>0x266</size>
         <input_file_ref idref="fl-fc"/>
      </object_component>
      <object_component id="oc-931">
         <name>.text:__TI_frcaddd</name>
         <load_address>0x1b43c</load_address>
         <run_address>0x1b43c</run_address>
         <size>0x248</size>
         <input_file_ref idref="fl-bd"/>
      </object_component>
      <object_component id="oc-9fe">
         <name>.text:msp_cmplx_shift_q15</name>
         <load_address>0x1b684</load_address>
         <run_address>0x1b684</run_address>
         <size>0x232</size>
         <input_file_ref idref="fl-55"/>
      </object_component>
      <object_component id="oc-88e">
         <name>.text:Batch_normalization</name>
         <load_address>0x1b8b6</load_address>
         <run_address>0x1b8b6</run_address>
         <size>0x1f8</size>
         <input_file_ref idref="fl-2"/>
      </object_component>
      <object_component id="oc-a2e">
         <name>.text:msp_shift_q15</name>
         <load_address>0x1baae</load_address>
         <run_address>0x1baae</run_address>
         <size>0x1f8</size>
         <input_file_ref idref="fl-6b"/>
      </object_component>
      <object_component id="oc-9f8">
         <name>.text:msp_cmplx_fft_auto_q15</name>
         <load_address>0x1bca6</load_address>
         <run_address>0x1bca6</run_address>
         <size>0x172</size>
         <input_file_ref idref="fl-26"/>
      </object_component>
      <object_component id="oc-899">
         <name>.text:FC_Convolution</name>
         <load_address>0x1be18</load_address>
         <run_address>0x1be18</run_address>
         <size>0x164</size>
         <input_file_ref idref="fl-2"/>
      </object_component>
      <object_component id="oc-983">
         <name>.text:msp_cmplx_fft_fixed_q15</name>
         <load_address>0x1bf7c</load_address>
         <run_address>0x1bf7c</run_address>
         <size>0x156</size>
         <input_file_ref idref="fl-27"/>
      </object_component>
      <object_component id="oc-a4c">
         <name>.text:msp_copy_q15</name>
         <load_address>0x1c0d2</load_address>
         <run_address>0x1c0d2</run_address>
         <size>0x142</size>
         <input_file_ref idref="fl-3a"/>
      </object_component>
      <object_component id="oc-9e3">
         <name>.text:msp_cmplx_bitrev_q15</name>
         <load_address>0x1c214</load_address>
         <run_address>0x1c214</run_address>
         <size>0x13e</size>
         <input_file_ref idref="fl-25"/>
      </object_component>
      <object_component id="oc-884">
         <name>.text</name>
         <load_address>0x1c352</load_address>
         <run_address>0x1c352</run_address>
         <size>0x132</size>
         <input_file_ref idref="fl-bf"/>
      </object_component>
      <object_component id="oc-8b7">
         <name>.text:softmax</name>
         <load_address>0x1c484</load_address>
         <run_address>0x1c484</run_address>
         <size>0xee</size>
         <input_file_ref idref="fl-2"/>
      </object_component>
      <object_component id="oc-8ab">
         <name>.text:FC_Convolution2</name>
         <load_address>0x1c572</load_address>
         <run_address>0x1c572</run_address>
         <size>0xc8</size>
         <input_file_ref idref="fl-2"/>
      </object_component>
      <object_component id="oc-86e">
         <name>.text</name>
         <load_address>0x1c63a</load_address>
         <run_address>0x1c63a</run_address>
         <size>0xb8</size>
         <input_file_ref idref="fl-c5"/>
      </object_component>
      <object_component id="oc-9ae">
         <name>.text:__TI_renormd</name>
         <load_address>0x1c6f2</load_address>
         <run_address>0x1c6f2</run_address>
         <size>0xb2</size>
         <input_file_ref idref="fl-be"/>
      </object_component>
      <object_component id="oc-8d7">
         <name>.text</name>
         <load_address>0x1c7a4</load_address>
         <run_address>0x1c7a4</run_address>
         <size>0x90</size>
         <input_file_ref idref="fl-c3"/>
      </object_component>
      <object_component id="oc-8ee">
         <name>.text:__mspabi_cvtdf</name>
         <load_address>0x1c834</load_address>
         <run_address>0x1c834</run_address>
         <size>0x8c</size>
         <input_file_ref idref="fl-c1"/>
      </object_component>
      <object_component id="oc-8b1">
         <name>.text:FC_convolution_last</name>
         <load_address>0x1c8c0</load_address>
         <run_address>0x1c8c0</run_address>
         <size>0x7e</size>
         <input_file_ref idref="fl-2"/>
      </object_component>
      <object_component id="oc-84">
         <name>.text:decompress:lzss:__TI_decompress_lzss</name>
         <load_address>0x1c93e</load_address>
         <run_address>0x1c93e</run_address>
         <size>0x76</size>
         <input_file_ref idref="fl-94"/>
      </object_component>
      <object_component id="oc-8ff">
         <name>.text:fftmultiplication</name>
         <load_address>0x1c9b4</load_address>
         <run_address>0x1c9b4</run_address>
         <size>0x6c</size>
         <input_file_ref idref="fl-2"/>
      </object_component>
      <object_component id="oc-8f7">
         <name>.text:getWeight</name>
         <load_address>0x1ca20</load_address>
         <run_address>0x1ca20</run_address>
         <size>0x6c</size>
         <input_file_ref idref="fl-2"/>
      </object_component>
      <object_component id="oc-989">
         <name>.text:msp_cmplx_ifft_fixed_q15</name>
         <load_address>0x1ca8c</load_address>
         <run_address>0x1ca8c</run_address>
         <size>0x66</size>
         <input_file_ref idref="fl-2a"/>
      </object_component>
      <object_component id="oc-8dc">
         <name>.text:__mspabi_cvtfd</name>
         <load_address>0x1caf2</load_address>
         <run_address>0x1caf2</run_address>
         <size>0x64</size>
         <input_file_ref idref="fl-c2"/>
      </object_component>
      <object_component id="oc-7ad">
         <name>.text:__TI_auto_init_nobinit_nopinit_hold_wdt:__TI_auto_init_nobinit_nopinit_hold_wdt</name>
         <load_address>0x1cb56</load_address>
         <run_address>0x1cb56</run_address>
         <size>0x54</size>
         <input_file_ref idref="fl-d6"/>
      </object_component>
      <object_component id="oc-9ea">
         <name>.text:msp_lea_init</name>
         <load_address>0x1cbaa</load_address>
         <run_address>0x1cbaa</run_address>
         <size>0x52</size>
         <input_file_ref idref="fl-f"/>
      </object_component>
      <object_component id="oc-864">
         <name>.text</name>
         <load_address>0x1cbfc</load_address>
         <run_address>0x1cbfc</run_address>
         <size>0x4a</size>
         <input_file_ref idref="fl-c0"/>
      </object_component>
      <object_component id="oc-77c">
         <name>.text:configClocks</name>
         <load_address>0x1cc46</load_address>
         <run_address>0x1cc46</run_address>
         <size>0x46</size>
         <input_file_ref idref="fl-3"/>
      </object_component>
      <object_component id="oc-a26">
         <name>.text:msp_lea_getRevision</name>
         <load_address>0x1cc8c</load_address>
         <run_address>0x1cc8c</run_address>
         <size>0x44</size>
         <input_file_ref idref="fl-11"/>
      </object_component>
      <object_component id="oc-926">
         <name>.text:l_asr_const</name>
         <load_address>0x1ccd0</load_address>
         <run_address>0x1ccd0</run_address>
         <size>0x3e</size>
         <input_file_ref idref="fl-d0"/>
      </object_component>
      <object_component id="oc-95d">
         <name>.text:l_lsl_const</name>
         <load_address>0x1cd0e</load_address>
         <run_address>0x1cd0e</run_address>
         <size>0x3e</size>
         <input_file_ref idref="fl-cf"/>
      </object_component>
      <object_component id="oc-947">
         <name>.text:l_lsr_const</name>
         <load_address>0x1cd4c</load_address>
         <run_address>0x1cd4c</run_address>
         <size>0x3e</size>
         <input_file_ref idref="fl-d1"/>
      </object_component>
      <object_component id="oc-869">
         <name>.text</name>
         <load_address>0x1cd8a</load_address>
         <run_address>0x1cd8a</run_address>
         <size>0x36</size>
         <input_file_ref idref="fl-c4"/>
      </object_component>
      <object_component id="oc-73f">
         <name>.text:__mpu_init</name>
         <load_address>0x1cdc0</load_address>
         <run_address>0x1cdc0</run_address>
         <size>0x2c</size>
         <input_file_ref idref="fl-d4"/>
      </object_component>
      <object_component id="oc-81e">
         <name>.text:relu</name>
         <load_address>0x1cdec</load_address>
         <run_address>0x1cdec</run_address>
         <size>0x2c</size>
         <input_file_ref idref="fl-2"/>
      </object_component>
      <object_component id="oc-90b">
         <name>.text</name>
         <load_address>0x1ce18</load_address>
         <run_address>0x1ce18</run_address>
         <size>0x2c</size>
         <input_file_ref idref="fl-cc"/>
      </object_component>
      <object_component id="oc-6cb">
         <name>.text:decompress:ZI:__TI_zero_init</name>
         <load_address>0x1ce44</load_address>
         <run_address>0x1ce44</run_address>
         <size>0x24</size>
         <input_file_ref idref="fl-bb"/>
      </object_component>
      <object_component id="oc-a11">
         <name>.text</name>
         <load_address>0x1ce68</load_address>
         <run_address>0x1ce68</run_address>
         <size>0x24</size>
         <input_file_ref idref="fl-c8"/>
      </object_component>
      <object_component id="oc-9f2">
         <name>.text:msp_cmplx_conj_q15</name>
         <load_address>0x1ce8c</load_address>
         <run_address>0x1ce8c</run_address>
         <size>0x20</size>
         <input_file_ref idref="fl-4b"/>
      </object_component>
      <object_component id="oc-858">
         <name>.text</name>
         <load_address>0x1ceac</load_address>
         <run_address>0x1ceac</run_address>
         <size>0x18</size>
         <input_file_ref idref="fl-c7"/>
      </object_component>
      <object_component id="oc-72d">
         <name>.text:main</name>
         <load_address>0x1cec4</load_address>
         <run_address>0x1cec4</run_address>
         <size>0x16</size>
         <input_file_ref idref="fl-3"/>
      </object_component>
      <object_component id="oc-89f">
         <name>.text:memset</name>
         <load_address>0x1ceda</load_address>
         <run_address>0x1ceda</run_address>
         <size>0x16</size>
         <input_file_ref idref="fl-f4"/>
      </object_component>
      <object_component id="oc-994">
         <name>.text</name>
         <load_address>0x1cef0</load_address>
         <run_address>0x1cef0</run_address>
         <size>0x16</size>
         <input_file_ref idref="fl-cd"/>
      </object_component>
      <object_component id="oc-6ad">
         <name>.text:memcpy</name>
         <load_address>0x1cf06</load_address>
         <run_address>0x1cf06</run_address>
         <size>0x14</size>
         <input_file_ref idref="fl-f3"/>
      </object_component>
      <object_component id="oc-8a">
         <name>.text:decompress:none:__TI_decompress_none</name>
         <load_address>0x1cf1a</load_address>
         <run_address>0x1cf1a</run_address>
         <size>0x12</size>
         <input_file_ref idref="fl-95"/>
      </object_component>
      <object_component id="oc-9a9">
         <name>.text:l_asr</name>
         <load_address>0x1cf2c</load_address>
         <run_address>0x1cf2c</run_address>
         <size>0x10</size>
         <input_file_ref idref="fl-d0"/>
      </object_component>
      <object_component id="oc-951">
         <name>.text:l_lsl</name>
         <load_address>0x1cf3c</load_address>
         <run_address>0x1cf3c</run_address>
         <size>0x10</size>
         <input_file_ref idref="fl-cf"/>
      </object_component>
      <object_component id="oc-94c">
         <name>.text:l_lsr</name>
         <load_address>0x1cf4c</load_address>
         <run_address>0x1cf4c</run_address>
         <size>0x10</size>
         <input_file_ref idref="fl-d1"/>
      </object_component>
      <object_component id="oc-7cb">
         <name>.text:Predict</name>
         <load_address>0x1cf5c</load_address>
         <run_address>0x1cf5c</run_address>
         <size>0xc</size>
         <input_file_ref idref="fl-2"/>
      </object_component>
      <object_component id="oc-782">
         <name>.text:testFirstImage</name>
         <load_address>0x1cf68</load_address>
         <run_address>0x1cf68</run_address>
         <size>0xc</size>
         <input_file_ref idref="fl-3"/>
      </object_component>
      <object_component id="oc-a37">
         <name>.text</name>
         <load_address>0x1cf74</load_address>
         <run_address>0x1cf74</run_address>
         <size>0xa</size>
         <input_file_ref idref="fl-ce"/>
      </object_component>
      <object_component id="oc-789">
         <name>.text:abort</name>
         <load_address>0x1cf7e</load_address>
         <run_address>0x1cf7e</run_address>
         <size>0x6</size>
         <input_file_ref idref="fl-da"/>
      </object_component>
      <object_component id="oc-727">
         <name>.text:_system_pre_init</name>
         <load_address>0x1cf84</load_address>
         <run_address>0x1cf84</run_address>
         <size>0x4</size>
         <input_file_ref idref="fl-d8"/>
      </object_component>
      <object_component id="oc-7e7">
         <name>.text:_system_post_cinit</name>
         <load_address>0x1cf88</load_address>
         <run_address>0x1cf88</run_address>
         <size>0x2</size>
         <input_file_ref idref="fl-d7"/>
      </object_component>
      <object_component id="oc-8fd">
         <name>.common:circularMatrixColumn</name>
         <uninitialized>true</uninitialized>
         <run_address>0x1c00</run_address>
         <size>0x400</size>
      </object_component>
      <object_component id="oc-8fe">
         <name>.common:inputMatrixColumn</name>
         <uninitialized>true</uninitialized>
         <run_address>0x2000</run_address>
         <size>0x400</size>
      </object_component>
      <object_component id="oc-88a">
         <name>.common:i</name>
         <uninitialized>true</uninitialized>
         <run_address>0x2400</run_address>
         <size>0x2</size>
      </object_component>
      <object_component id="oc-889">
         <name>.common:j</name>
         <uninitialized>true</uninitialized>
         <run_address>0x2402</run_address>
         <size>0x2</size>
      </object_component>
      <object_component id="oc-877">
         <name>.common:o0</name>
         <uninitialized>true</uninitialized>
         <run_address>0x240c</run_address>
         <size>0x2</size>
      </object_component>
      <object_component id="oc-878">
         <name>.common:o1</name>
         <uninitialized>true</uninitialized>
         <run_address>0x240e</run_address>
         <size>0x2</size>
      </object_component>
      <object_component id="oc-894">
         <name>.common:l0</name>
         <uninitialized>true</uninitialized>
         <run_address>0x2404</run_address>
         <size>0x2</size>
      </object_component>
      <object_component id="oc-895">
         <name>.common:l1</name>
         <uninitialized>true</uninitialized>
         <run_address>0x2406</run_address>
         <size>0x2</size>
      </object_component>
      <object_component id="oc-875">
         <name>.common:x</name>
         <uninitialized>true</uninitialized>
         <run_address>0x2418</run_address>
         <size>0x2</size>
      </object_component>
      <object_component id="oc-879">
         <name>.common:w0</name>
         <uninitialized>true</uninitialized>
         <run_address>0x2414</run_address>
         <size>0x2</size>
      </object_component>
      <object_component id="oc-87a">
         <name>.common:w1</name>
         <uninitialized>true</uninitialized>
         <run_address>0x2416</run_address>
         <size>0x2</size>
      </object_component>
      <object_component id="oc-876">
         <name>.common:y</name>
         <uninitialized>true</uninitialized>
         <run_address>0x241a</run_address>
         <size>0x2</size>
      </object_component>
      <object_component id="oc-874">
         <name>.common:temp</name>
         <uninitialized>true</uninitialized>
         <run_address>0x2412</run_address>
         <size>0x2</size>
      </object_component>
      <object_component id="oc-7d1">
         <name>.common:predict</name>
         <uninitialized>true</uninitialized>
         <run_address>0x2410</run_address>
         <size>0x2</size>
      </object_component>
      <object_component id="oc-9e9">
         <name>.common:msp_lea_locked</name>
         <uninitialized>true</uninitialized>
         <run_address>0x240a</run_address>
         <size>0x2</size>
      </object_component>
      <object_component id="oc-715">
         <name>.common:msp_lea_ifg</name>
         <uninitialized>true</uninitialized>
         <run_address>0x2408</run_address>
         <size>0x2</size>
      </object_component>
[...]
         <name>__TI_int21</name>
         <value>0xffba</value>
         <object_component_ref idref="oc-93"/>
      </symbol>
      <symbol id="sm-98d">
         <name>__TI_int22</name>
         <value>0xffbc</value>
         <object_component_ref idref="oc-94"/>
      </symbol>
      <symbol id="sm-990">
         <name>__TI_int23</name>
         <value>0xffbe</value>
         <object_component_ref idref="oc-95"/>
      </symbol>
      <symbol id="sm-993">
         <name>__TI_int24</name>
         <value>0xffc0</value>
         <object_component_ref idref="oc-96"/>
      </symbol>
      <symbol id="sm-996">
         <name>__TI_int25</name>
         <value>0xffc2</value>
         <object_component_ref idref="oc-97"/>
      </symbol>
      <symbol id="sm-999">
         <name>__TI_int26</name>
         <value>0xffc4</value>
         <object_component_ref idref="oc-98"/>
      </symbol>
      <symbol id="sm-99c">
         <name>__TI_int27</name>
         <value>0xffc6</value>
         <object_component_ref idref="oc-99"/>
      </symbol>
      <symbol id="sm-99f">
         <name>__TI_int28</name>
         <value>0xffc8</value>
         <object_component_ref idref="oc-9a"/>
      </symbol>
      <symbol id="sm-9a2">
         <name>__TI_int29</name>
         <value>0xffca</value>
         <object_component_ref idref="oc-9b"/>
      </symbol>
      <symbol id="sm-9a5">
         <name>__TI_int30</name>
         <value>0xffcc</value>
         <object_component_ref idref="oc-9c"/>
      </symbol>
      <symbol id="sm-9a8">
         <name>__TI_int31</name>
         <value>0xffce</value>
         <object_component_ref idref="oc-9d"/>
      </symbol>
      <symbol id="sm-9ab">
         <name>__TI_int32</name>
         <value>0xffd0</value>
         <object_component_ref idref="oc-9e"/>
      </symbol>
      <symbol id="sm-9ae">
         <name>__TI_int33</name>
         <value>0xffd2</value>
         <object_component_ref idref="oc-9f"/>
      </symbol>
      <symbol id="sm-9b1">
         <name>__TI_int34</name>
         <value>0xffd4</value>
         <object_component_ref idref="oc-a0"/>
      </symbol>
      <symbol id="sm-9b4">
         <name>__TI_int35</name>
         <value>0xffd6</value>
         <object_component_ref idref="oc-a1"/>
      </symbol>
      <symbol id="sm-9b7">
         <name>__TI_int36</name>
         <value>0xffd8</value>
         <object_component_ref idref="oc-a2"/>
      </symbol>
      <symbol id="sm-9ba">
         <name>__TI_int37</name>
         <value>0xffda</value>
         <object_component_ref idref="oc-a3"/>
      </symbol>
      <symbol id="sm-9bd">
         <name>__TI_int38</name>
         <value>0xffdc</value>
         <object_component_ref idref="oc-a4"/>
      </symbol>
      <symbol id="sm-9c0">
         <name>__TI_int39</name>
         <value>0xffde</value>
         <object_component_ref idref="oc-a5"/>
      </symbol>
      <symbol id="sm-9c3">
         <name>__TI_int40</name>
         <value>0xffe0</value>
         <object_component_ref idref="oc-a6"/>
      </symbol>
      <symbol id="sm-9c6">
         <name>__TI_int41</name>
         <value>0xffe2</value>
         <object_component_ref idref="oc-a7"/>
      </symbol>
      <symbol id="sm-9c9">
         <name>__TI_int42</name>
         <value>0xffe4</value>
         <object_component_ref idref="oc-a8"/>
      </symbol>
      <symbol id="sm-9cc">
         <name>__TI_int43</name>
         <value>0xffe6</value>
         <object_component_ref idref="oc-a9"/>
      </symbol>
      <symbol id="sm-9cf">
         <name>__TI_int44</name>
         <value>0xffe8</value>
         <object_component_ref idref="oc-aa"/>
      </symbol>
      <symbol id="sm-9d2">
         <name>__TI_int45</name>
         <value>0xffea</value>
         <object_component_ref idref="oc-ab"/>
      </symbol>
      <symbol id="sm-9d5">
         <name>__TI_int46</name>
         <value>0xffec</value>
         <object_component_ref idref="oc-ac"/>
      </symbol>
      <symbol id="sm-9d8">
         <name>__TI_int47</name>
         <value>0xffee</value>
         <object_component_ref idref="oc-ad"/>
      </symbol>
      <symbol id="sm-9db">
         <name>__TI_int48</name>
         <value>0xfff0</value>
         <object_component_ref idref="oc-ae"/>
      </symbol>
      <symbol id="sm-9de">
         <name>__TI_int49</name>
         <value>0xfff2</value>
         <object_component_ref idref="oc-af"/>
      </symbol>
      <symbol id="sm-9e1">
         <name>__TI_int50</name>
         <value>0xfff4</value>
         <object_component_ref idref="oc-b0"/>
      </symbol>
      <symbol id="sm-9e4">
         <name>__TI_int51</name>
         <value>0xfff6</value>
         <object_component_ref idref="oc-b1"/>
      </symbol>
      <symbol id="sm-9e7">
         <name>__TI_int52</name>
         <value>0xfff8</value>
         <object_component_ref idref="oc-b2"/>
      </symbol>
      <symbol id="sm-9ea">
         <name>__TI_int53</name>
         <value>0xfffa</value>
         <object_component_ref idref="oc-b3"/>
      </symbol>
      <symbol id="sm-9ed">
         <name>__TI_int54</name>
         <value>0xfffc</value>
         <object_component_ref idref="oc-b4"/>
      </symbol>
      <symbol id="sm-a00">
         <name>__TI_zero_init</name>
         <value>0x1ce44</value>
         <object_component_ref idref="oc-6cb"/>
      </symbol>
      <symbol id="sm-a27">
         <name>__mspabi_addd</name>
         <value>0x1a998</value>
         <object_component_ref idref="oc-8e2"/>
      </symbol>
      <symbol id="sm-a48">
         <name>__TI_frcaddd</name>
         <value>0x1b43c</value>
         <object_component_ref idref="oc-931"/>
      </symbol>
      <symbol id="sm-a5c">
         <name>__TI_renormd</name>
         <value>0x1c6f2</value>
         <object_component_ref idref="oc-9ae"/>
      </symbol>
      <symbol id="sm-a77">
         <name>__mspabi_subf</name>
         <value>0x1c352</value>
         <object_component_ref idref="oc-884"/>
      </symbol>
      <symbol id="sm-a78">
         <name>__mspabi_addf</name>
         <value>0x1c358</value>
         <object_component_ref idref="oc-884"/>
      </symbol>
      <symbol id="sm-a88">
         <name>__mspabi_cmpf</name>
         <value>0x1cbfc</value>
         <object_component_ref idref="oc-864"/>
      </symbol>
      <symbol id="sm-aa0">
         <name>__mspabi_cvtdf</name>
         <value>0x1c834</value>
         <object_component_ref idref="oc-8ee"/>
      </symbol>
      <symbol id="sm-aae">
         <name>__mspabi_cvtfd</name>
         <value>0x1caf2</value>
         <object_component_ref idref="oc-8dc"/>
      </symbol>
      <symbol id="sm-ac0">
         <name>__mspabi_divf</name>
         <value>0x1c7a4</value>
         <object_component_ref idref="oc-8d7"/>
      </symbol>
      <symbol id="sm-acd">
         <name>__mspabi_fltif</name>
         <value>0x1cd8a</value>
         <object_component_ref idref="oc-869"/>
      </symbol>
      <symbol id="sm-ae4">
         <name>__mspabi_mpyf</name>
         <value>0x1c63a</value>
         <object_component_ref idref="oc-86e"/>
      </symbol>
      <symbol id="sm-aed">
         <name>__mspabi_mpyi_f5hw</name>
         <value>0x1ceac</value>
         <object_component_ref idref="oc-858"/>
      </symbol>
      <symbol id="sm-af5">
         <name>__mspabi_mpyl_f5hw</name>
         <value>0x1ce68</value>
         <object_component_ref idref="oc-a11"/>
      </symbol>
      <symbol id="sm-b04">
         <name>__mspabi_remi</name>
         <value>0x1ce18</value>
         <object_component_ref idref="oc-90b"/>
      </symbol>
      <symbol id="sm-b05">
         <name>__mspabi_divi</name>
         <value>0x1ce18</value>
         <object_component_ref idref="oc-90b"/>
      </symbol>
      <symbol id="sm-b0f">
         <name>__mspabi_remu</name>
         <value>0x1cef0</value>
         <object_component_ref idref="oc-994"/>
      </symbol>
      <symbol id="sm-b10">
         <name>__mspabi_divu</name>
         <value>0x1cef0</value>
         <object_component_ref idref="oc-994"/>
      </symbol>
      <symbol id="sm-b19">
         <name>__mspabi_slli</name>
         <value>0x1cf74</value>
         <object_component_ref idref="oc-a37"/>
      </symbol>
      <symbol id="sm-b29">
         <name>__mspabi_slll_9</name>
         <value>0x1cd26</value>
         <object_component_ref idref="oc-95d"/>
      </symbol>
      <symbol id="sm-b2a">
         <name>__mspabi_slll_8</name>
         <value>0x1cd2a</value>
         <object_component_ref idref="oc-95d"/>
      </symbol>
      <symbol id="sm-b2b">
         <name>__mspabi_slll_7</name>
         <value>0x1cd2e</value>
         <object_component_ref idref="oc-95d"/>
      </symbol>
      <symbol id="sm-b2c">
         <name>__mspabi_slll_6</name>
         <value>0x1cd32</value>
         <object_component_ref idref="oc-95d"/>
      </symbol>
      <symbol id="sm-b2d">
         <name>__mspabi_slll_5</name>
         <value>0x1cd36</value>
         <object_component_ref idref="oc-95d"/>
      </symbol>
      <symbol id="sm-b2e">
         <name>__mspabi_slll_4</name>
         <value>0x1cd3a</value>
         <object_component_ref idref="oc-95d"/>
      </symbol>
      <symbol id="sm-b2f">
         <name>__mspabi_slll_3</name>
         <value>0x1cd3e</value>
         <object_component_ref idref="oc-95d"/>
      </symbol>
      <symbol id="sm-b30">
         <name>__mspabi_slll_2</name>
         <value>0x1cd42</value>
         <object_component_ref idref="oc-95d"/>
      </symbol>
      <symbol id="sm-b31">
         <name>__mspabi_slll_1</name>
         <value>0x1cd46</value>
         <object_component_ref idref="oc-95d"/>
      </symbol>
      <symbol id="sm-b32">
         <name>__mspabi_slll</name>
         <value>0x1cf3c</value>
         <object_component_ref idref="oc-951"/>
      </symbol>
      <symbol id="sm-b33">
         <name>__mspabi_slll_15</name>
         <value>0x1cd0e</value>
         <object_component_ref idref="oc-95d"/>
      </symbol>
      <symbol id="sm-b34">
         <name>__mspabi_slll_14</name>
         <value>0x1cd12</value>
         <object_component_ref idref="oc-95d"/>
      </symbol>
      <symbol id="sm-b35">
         <name>__mspabi_slll_13</name>
         <value>0x1cd16</value>
         <object_component_ref idref="oc-95d"/>
      </symbol>
      <symbol id="sm-b36">
         <name>__mspabi_slll_12</name>
         <value>0x1cd1a</value>
         <object_component_ref idref="oc-95d"/>
      </symbol>
      <symbol id="sm-b37">
         <name>__mspabi_slll_11</name>
         <value>0x1cd1e</value>
         <object_component_ref idref="oc-95d"/>
      </symbol>
      <symbol id="sm-b38">
         <name>__mspabi_slll_10</name>
         <value>0x1cd22</value>
         <object_component_ref idref="oc-95d"/>
      </symbol>
      <symbol id="sm-b48">
         <name>__mspabi_sral</name>
         <value>0x1cf2c</value>
         <object_component_ref idref="oc-9a9"/>
      </symbol>
      <symbol id="sm-b49">
         <name>__mspabi_sral_15</name>
         <value>0x1ccd0</value>
         <object_component_ref idref="oc-926"/>
      </symbol>
      <symbol id="sm-b4a">
         <name>__mspabi_sral_14</name>
         <value>0x1ccd4</value>
         <object_component_ref idref="oc-926"/>
      </symbol>
      <symbol id="sm-b4b">
         <name>__mspabi_sral_13</name>
         <value>0x1ccd8</value>
         <object_component_ref idref="oc-926"/>
      </symbol>
      <symbol id="sm-b4c">
         <name>__mspabi_sral_12</name>
         <value>0x1ccdc</value>
         <object_component_ref idref="oc-926"/>
      </symbol>
      <symbol id="sm-b4d">
         <name>__mspabi_sral_11</name>
         <value>0x1cce0</value>
         <object_component_ref idref="oc-926"/>
      </symbol>
      <symbol id="sm-b4e">
         <name>__mspabi_sral_10</name>
         <value>0x1cce4</value>
         <object_component_ref idref="oc-926"/>
      </symbol>
      <symbol id="sm-b4f">
         <name>__mspabi_sral_8</name>
         <value>0x1ccec</value>
         <object_component_ref idref="oc-926"/>
      </symbol>
      <symbol id="sm-b50">
         <name>__mspabi_sral_9</name>
         <value>0x1cce8</value>
         <object_component_ref idref="oc-926"/>
      </symbol>
      <symbol id="sm-b51">
         <name>__mspabi_sral_6</name>
         <value>0x1ccf4</value>
         <object_component_ref idref="oc-926"/>
      </symbol>
      <symbol id="sm-b52">
         <name>__mspabi_sral_7</name>
         <value>0x1ccf0</value>
         <object_component_ref idref="oc-926"/>
      </symbol>
      <symbol id="sm-b53">
         <name>__mspabi_sral_4</name>
         <value>0x1ccfc</value>
         <object_component_ref idref="oc-926"/>
      </symbol>
      <symbol id="sm-b54">
         <name>__mspabi_sral_5</name>
         <value>0x1ccf8</value>
         <object_component_ref idref="oc-926"/>
      </symbol>
      <symbol id="sm-b55">
         <name>__mspabi_sral_2</name>
         <value>0x1cd04</value>
         <object_component_ref idref="oc-926"/>
      </symbol>
      <symbol id="sm-b56">
         <name>__mspabi_sral_3</name>
         <value>0x1cd00</value>
         <object_component_ref idref="oc-926"/>
      </symbol>
      <symbol id="sm-b57">
         <name>__mspabi_sral_1</name>
         <value>0x1cd08</value>
         <object_component_ref idref="oc-926"/>
      </symbol>
      <symbol id="sm-b67">
         <name>__mspabi_srll_8</name>
         <value>0x1cd68</value>
         <object_component_ref idref="oc-947"/>
      </symbol>
      <symbol id="sm-b68">
         <name>__mspabi_srll_9</name>
         <value>0x1cd64</value>
         <object_component_ref idref="oc-947"/>
      </symbol>
      <symbol id="sm-b69">
         <name>__mspabi_srll_6</name>
         <value>0x1cd70</value>
         <object_component_ref idref="oc-947"/>
      </symbol>
      <symbol id="sm-b6a">
         <name>__mspabi_srll_7</name>
         <value>0x1cd6c</value>
         <object_component_ref idref="oc-947"/>
      </symbol>
      <symbol id="sm-b6b">
         <name>__mspabi_srll_4</name>
         <value>0x1cd78</value>
         <object_component_ref idref="oc-947"/>
      </symbol>
      <symbol id="sm-b6c">
         <name>__mspabi_srll_5</name>
         <value>0x1cd74</value>
         <object_component_ref idref="oc-947"/>
      </symbol>
      <symbol id="sm-b6d">
         <name>__mspabi_srll_2</name>
         <value>0x1cd80</value>
         <object_component_ref idref="oc-947"/>
      </symbol>
      <symbol id="sm-b6e">
         <name>__mspabi_srll_3</name>
         <value>0x1cd7c</value>
         <object_component_ref idref="oc-947"/>
      </symbol>
      <symbol id="sm-b6f">
         <name>__mspabi_srll_1</name>
         <value>0x1cd84</value>
         <object_component_ref idref="oc-947"/>
      </symbol>
      <symbol id="sm-b70">
         <name>__mspabi_srll_15</name>
         <value>0x1cd4c</value>
         <object_component_ref idref="oc-947"/>
      </symbol>
      <symbol id="sm-b71">
         <name>__mspabi_srll_14</name>
         <value>0x1cd50</value>
         <object_component_ref idref="oc-947"/>
      </symbol>
      <symbol id="sm-b72">
         <name>__mspabi_srll_13</name>
         <value>0x1cd54</value>
         <object_component_ref idref="oc-947"/>
      </symbol>
      <symbol id="sm-b73">
         <name>__mspabi_srll_12</name>
         <value>0x1cd58</value>
         <object_component_ref idref="oc-947"/>
      </symbol>
      <symbol id="sm-b74">
         <name>__mspabi_srll_11</name>
         <value>0x1cd5c</value>
         <object_component_ref idref="oc-947"/>
      </symbol>
      <symbol id="sm-b75">
         <name>__mspabi_srll_10</name>
         <value>0x1cd60</value>
         <object_component_ref idref="oc-947"/>
      </symbol>
      <symbol id="sm-b76">
         <name>__mspabi_srll</name>
         <value>0x1cf4c</value>
         <object_component_ref idref="oc-94c"/>
      </symbol>
      <symbol id="sm-b87">
         <name>_c_int00_noargs_mpu</name>
         <value>0xd800</value>
         <object_component_ref idref="oc-6ef"/>
      </symbol>
      <symbol id="sm-b88">
         <name>_stack</name>
         <value>0x2b60</value>
         <object_component_ref idref="oc-69b"/>
      </symbol>
      <symbol id="sm-b89">
         <name>_reset_vector</name>
         <value>0xfffe</value>
         <object_component_ref idref="oc-69e"/>
      </symbol>
      <symbol id="sm-b92">
         <name>__mpu_init</name>
         <value>0x1cdc0</value>
         <object_component_ref idref="oc-73f"/>
      </symbol>
      <symbol id="sm-bb6">
         <name>__TI_auto_init_nobinit_nopinit_hold_wdt</name>
         <value>0x1cb56</value>
         <object_component_ref idref="oc-7ad"/>
      </symbol>
      <symbol id="sm-bbf">
         <name>_system_post_cinit</name>
         <value>0x1cf88</value>
         <object_component_ref idref="oc-7e7"/>
      </symbol>
      <symbol id="sm-bc8">
         <name>_system_pre_init</name>
         <value>0x1cf84</value>
         <object_component_ref idref="oc-727"/>
      </symbol>
      <symbol id="sm-bd8">
         <name>C$$EXIT</name>
         <value>0x1cf7e</value>
         <object_component_ref idref="oc-789"/>
      </symbol>
      <symbol id="sm-bd9">
         <name>abort</name>
         <value>0x1cf7e</value>
         <object_component_ref idref="oc-789"/>
      </symbol>
      <symbol id="sm-c1b">
         <name>expf</name>
         <value>0x19ab0</value>
         <object_component_ref idref="oc-922"/>
      </symbol>
      <symbol id="sm-c4a">
         <name>_sys_memory</name>
         <value>0xd374</value>
         <object_component_ref idref="oc-69f"/>
      </symbol>
      <symbol id="sm-c77">
         <name>logf</name>
         <value>0x1a068</value>
         <object_component_ref idref="oc-923"/>
      </symbol>
      <symbol id="sm-c86">
         <name>memcpy</name>
         <value>0x1cf06</value>
         <object_component_ref idref="oc-6ad"/>
      </symbol>
      <symbol id="sm-c94">
         <name>memset</name>
         <value>0x1ceda</value>
         <object_component_ref idref="oc-89f"/>
      </symbol>
      <symbol id="sm-c9c">
         <name>msp430_expHighExp</name>
         <value>0xfdac</value>
         <object_component_ref idref="oc-9a6"/>
      </symbol>
      <symbol id="sm-c9d">
         <name>msp430_log_coeffs</name>
         <value>0xfd4c</value>
         <object_component_ref idref="oc-9a7"/>
      </symbol>
      <symbol id="sm-c9e">
         <name>msp430_expLowExp</name>
         <value>0xfdcc</value>
         <object_component_ref idref="oc-9a4"/>
      </symbol>
      <symbol id="sm-c9f">
         <name>msp430_expHighRes</name>
         <value>0xfccc</value>
         <object_component_ref idref="oc-9a5"/>
      </symbol>
      <symbol id="sm-ca0">
         <name>msp430_expLowRes</name>
         <value>0xfd0c</value>
         <object_component_ref idref="oc-9a3"/>
      </symbol>
      <symbol id="sm-ca1">
         <name>msp430_exp_coeffs</name>
         <value>0xfd84</value>
         <object_component_ref idref="oc-9a2"/>
      </symbol>
      <symbol id="sm-cd1">
         <name>sqrtl</name>
         <value>0x1ac78</value>
         <object_component_ref idref="oc-8e8"/>
      </symbol>
      <symbol id="sm-cd2">
         <name>sqrt</name>
         <value>0x1ac78</value>
         <object_component_ref idref="oc-8e8"/>
      </symbol>
      <symbol id="sm-cf3">
         <name>__mspabi_mpyd</name>
         <value>0x1b1d6</value>
         <object_component_ref idref="oc-93e"/>
      </symbol>
      <symbol id="sm-d03">
         <name>__TI_frcmpyd</name>
         <value>0x1af56</value>
         <object_component_ref idref="oc-9b8"/>
      </symbol>
      <symbol id="sm-d0b">
         <name>errno</name>
         <value>0x2b2a</value>
         <object_component_ref idref="oc-944"/>
      </symbol>
   </symbol_table>
   <title>Link successful</title>
</link_info>
